Microchip MPLAB XC8 Compiler V1.35 ()

Linker command line:

-W-3 --edf=C:\Program Files (x86)\Microchip\xc8\v1.35\dat\en_msgs.txt -cs \
  -h+dist/default/production\DCBA_Roll-up_v7.X.production.sym \
  --cmf=dist/default/production\DCBA_Roll-up_v7.X.production.cmf -z \
  -Q16F1527 -oC:\Users\VEF55~1.SAN\AppData\Local\Temp\s6mo.2 \
  -Mdist/default/production/DCBA_Roll-up_v7.X.production.map -E1 -ver=XC8 \
  -ASTACK=0204Bh-025efh -pstack=STACK -ACODE=00h-07FFhx8 \
  -ASTRCODE=00h-03FFFh -ASTRING=00h-0FFhx64 -ACONST=00h-0FFhx64 \
  -AENTRY=00h-0FFhx64 -ACOMMON=070h-07Fh -ABANK0=020h-06Fh \
  -ABANK1=0A0h-0EFh -ABANK2=0120h-016Fh -ABANK3=01A0h-01EFh \
  -ABANK4=0220h-026Fh -ABANK5=02A0h-02EFh -ABANK6=0320h-036Fh \
  -ABANK7=03A0h-03EFh -ABANK8=0420h-046Fh -ABANK9=04A0h-04EFh \
  -ABANK10=0520h-056Fh -ABANK11=05A0h-05EFh -ABANK12=0620h-066Fh \
  -ABANK13=06A0h-06EFh -ABANK14=0720h-076Fh -ABANK15=07A0h-07EFh \
  -ABANK16=0820h-086Fh -ABANK17=08A0h-08EFh -ABANK18=0920h-096Fh \
  -ABIGRAM=02000h-025EFh \
  -ARAM=020h-06Fh,0A0h-0EFh,0120h-016Fh,01A0h-01EFh,0220h-026Fh,02A0h-02EFh,0320h-036Fh,03A0h-03EFh,0420h-046Fh,04A0h-04EFh,0520h-056Fh,05A0h-05EFh,0620h-066Fh,06A0h-06EFh,0720h-076Fh,07A0h-07EFh,0820h-086Fh,08A0h-08EFh,0920h-096Fh \
  -AABS1=020h-07Fh,0A0h-0EFh,0120h-016Fh,01A0h-01EFh,0220h-026Fh,02A0h-02EFh,0320h-036Fh,03A0h-03EFh,0420h-046Fh,04A0h-04EFh,0520h-056Fh,05A0h-05EFh,0620h-066Fh,06A0h-06EFh,0720h-076Fh,07A0h-07EFh,0820h-086Fh,08A0h-08EFh,0920h-096Fh \
  -ASFR0=00h-01Fh -ASFR1=080h-09Fh -ASFR2=0100h-011Fh -ASFR3=0180h-019Fh \
  -ASFR4=0200h-021Fh -ASFR5=0280h-029Fh -ASFR6=0300h-031Fh \
  -ASFR7=0380h-039Fh -ASFR8=0400h-041Fh -ASFR9=0480h-049Fh \
  -ASFR10=0500h-051Fh -ASFR11=0580h-059Fh -ASFR12=0600h-061Fh \
  -ASFR13=0680h-069Fh -ASFR14=0700h-071Fh -ASFR15=0780h-079Fh \
  -ASFR16=0800h-081Fh -ASFR17=0880h-089Fh -ASFR18=0900h-091Fh \
  -ASFR19=0980h-09EFh -ASFR20=0A00h-0A6Fh -ASFR21=0A80h-0AEFh \
  -ASFR22=0B00h-0B6Fh -ASFR23=0B80h-0BEFh -ASFR24=0C00h-0C6Fh \
  -ASFR25=0C80h-0CEFh -ASFR26=0D00h-0D6Fh -ASFR27=0D80h-0DEFh \
  -ASFR28=0E00h-0E6Fh -ASFR29=0E80h-0EEFh -ASFR30=0F00h-0F6Fh \
  -ASFR31=0F80h-0FEFh -preset_vec=00h,intentry=04h,init,end_init \
  -ppowerup=CODE -pcinit=CODE -pfunctab=CODE -ACONFIG=08007h-08008h \
  -pconfig=CONFIG -DCONFIG=2 -AIDLOC=08000h-08003h -pidloc=IDLOC -DIDLOC=2 \
  -DCODE=2 -DSTRCODE=2 -DSTRING=2 -DCONST=2 -DENTRY=2 -k \
  C:\Users\VEF55~1.SAN\AppData\Local\Temp\s6mo.obj \
  dist/default/production\DCBA_Roll-up_v7.X.production.obj 

Object code version is 3.11

Machine type is 16F1527



                Name                               Link     Load   Length Selector   Space Scale
C:\Users\VEF55~1.SAN\AppData\Local\Temp\s6mo.obj
                end_init                             B7       B7        2        8       0
                reset_vec                             0        0        2        0       0
                config                             8007     8007        2    1000E       0
dist/default/production\DCBA_Roll-up_v7.X.production.obj
                cinit                                B9       B9       10        8       0
                intentry                              4        4       B3        8       0
                maintext_split_8                    86C      86C      794     10D8       0
                maintext_split_7                    6DD      6DD       8E        8       0
                maintext_split_6                   1668     1668       88     2CD0       0
                maintext_split_5                    64D      64D       90        8       0
                maintext_split_4                    5B8      5B8       95        8       0
                maintext_split_3                    76B      76B       8B        8       0
                maintext_split_2                   15E3     15E3       85     2BC6       0
                maintext_split_1                   16F0     16F0       88     2DE0       0
                swtext3                            1412     1412        E     2800       0
                text29                              45A      45A      15E        8       0
                text28                             1436     1436        B     2840       0
                text27                              80A      80A       15     1014       0
                text26                              81F      81F       17     103E       0
                text21                             142B     142B        B     2840       0
                text20                             1420     1420        B     2840       0
                swtext2                             7F6      7F6        A      FEC       0
                swtext1                            1400     1400       12     2800       0
                text3                                C9       C9      391        8       0
                text1                               836      836       36     106C       0
                maintext                           1778     1778       88     2EF0       0
                cstackBANK0                          48       48       20       20       1
                cstackCOMMON                         70       70        E       70       1
                clrtext                             804      804        6     1008       0
                dataBANK0                            68       68        2       20       1
                bssBANK0                             20       20       28       20       1
                bitbssBANK0                         350       6A        1       20       1     8
                stringtext                         1000     1000      3FF     2000       0

TOTAL           Name                               Link     Load   Length     Space
        CLASS   STACK          

        CLASS   CODE           
                end_init                             B7       B7        2         0
                cinit                                B9       B9       10         0
                intentry                              4        4       B3         0
                reset_vec                             0        0        2         0
                maintext_split_8                    86C      86C      794         0
                maintext_split_7                    6DD      6DD       8E         0
                maintext_split_6                   1668     1668       88         0
                maintext_split_5                    64D      64D       90         0
                maintext_split_4                    5B8      5B8       95         0
                maintext_split_3                    76B      76B       8B         0
                maintext_split_2                   15E3     15E3       85         0
                maintext_split_1                   16F0     16F0       88         0
                text29                              45A      45A      15E         0
                text28                             1436     1436        B         0
                text27                              80A      80A       15         0
                text26                              81F      81F       17         0
                text21                             142B     142B        B         0
                text20                             1420     1420        B         0
                text3                                C9       C9      391         0
                text1                               836      836       36         0
                maintext                           1778     1778       88         0
                clrtext                             804      804        6         0

        CLASS   STRCODE        
                stringtext                         1000     1000      3FF         0

        CLASS   STRING         

        CLASS   CONST          
                swtext3                            1412     1412        E         0
                swtext2                             7F6      7F6        A         0
                swtext1                            1400     1400       12         0

        CLASS   ENTRY          

        CLASS   COMMON         
                cstackCOMMON                         70       70        E         1

        CLASS   BANK0          
                cstackBANK0                          48       48       20         1
                dataBANK0                            68       68        2         1
                bssBANK0                             20       20       28         1
                bitbssBANK0                         350       6A        1         1

        CLASS   BANK1          

        CLASS   BANK2          

        CLASS   BANK3          

        CLASS   BANK4          

        CLASS   BANK5          

        CLASS   BANK6          

        CLASS   BANK7          

        CLASS   BANK8          

        CLASS   BANK9          

        CLASS   BANK10         

        CLASS   BANK11         

        CLASS   BANK12         

        CLASS   BANK13         

        CLASS   BANK14         

        CLASS   BANK15         

        CLASS   BANK16         

        CLASS   BANK17         

        CLASS   BANK18         

        CLASS   BIGRAM         

        CLASS   RAM            

        CLASS   ABS1           
                abs_s1                               7E       7E        2         1

        CLASS   SFR0           

        CLASS   SFR1           

        CLASS   SFR2           

        CLASS   SFR3           

        CLASS   SFR4           

        CLASS   SFR5           

        CLASS   SFR6           

        CLASS   SFR7           

        CLASS   SFR8           

        CLASS   SFR9           

        CLASS   SFR10          

        CLASS   SFR11          

        CLASS   SFR12          

        CLASS   SFR13          

        CLASS   SFR14          

        CLASS   SFR15          

        CLASS   SFR16          

        CLASS   SFR17          

        CLASS   SFR18          

        CLASS   SFR19          

        CLASS   SFR20          

        CLASS   SFR21          

        CLASS   SFR22          

        CLASS   SFR23          

        CLASS   SFR24          

        CLASS   SFR25          

        CLASS   SFR26          

        CLASS   SFR27          

        CLASS   SFR28          

        CLASS   SFR29          

        CLASS   SFR30          

        CLASS   SFR31          

        CLASS   CONFIG         
                config                             8007     8007        2         0

        CLASS   IDLOC          

        CLASS   BANK31         

        CLASS   BANK30         

        CLASS   BANK29         

        CLASS   BANK28         

        CLASS   BANK27         

        CLASS   BANK26         

        CLASS   BANK25         

        CLASS   BANK24         

        CLASS   BANK23         

        CLASS   BANK22         

        CLASS   BANK21         

        CLASS   BANK20         

        CLASS   BANK19         

        CLASS   EEDATA         



SEGMENTS        Name                           Load    Length   Top    Selector   Space  Class     Delta

                reset_vec                      000000  000002  000002         0       0  CODE        2
                intentry                       000004  0007F2  0007F6         8       0  CODE        2
                bssBANK0                       000020  00004B  00006B        20       1  BANK0       1
                cstackCOMMON                   000070  00000E  00007E        70       1  COMMON      1
                swtext2                        0007F6  00000A  000800       FEC       0  CONST       2
                clrtext                        000804  000006  00080A      1008       0  CODE        2
                text27                         00080A  000015  00081F      1014       0  CODE        2
                text26                         00081F  000017  000836      103E       0  CODE        2
                text1                          000836  000036  00086C      106C       0  CODE        2
                maintext_split_8               00086C  000794  001000      10D8       0  CODE        2
                stringtext                     001000  0003FF  0013FF      2000       0  STRCODE     2
                swtext1                        001400  000020  001420      2800       0  CONST       2
                text20                         001420  000021  001441      2840       0  CODE        2
                maintext_split_2               0015E3  000085  001668      2BC6       0  CODE        2
                maintext_split_6               001668  000088  0016F0      2CD0       0  CODE        2
                maintext_split_1               0016F0  000088  001778      2DE0       0  CODE        2
                maintext                       001778  000088  001800      2EF0       0  CODE        2
                config                         008007  000002  008009     1000E       0  CONFIG      2


UNUSED ADDRESS RANGES

        Name                Unused          Largest block    Delta
        BANK0            00006B-00006F                5           1
        BANK1            0000A0-0000EF               50           1
        BANK10           000520-00056F               50           1
        BANK11           0005A0-0005EF               50           1
        BANK12           000620-00066F               50           1
        BANK13           0006A0-0006EF               50           1
        BANK14           000720-00076F               50           1
        BANK15           0007A0-0007EF               50           1
        BANK16           000820-00086F               50           1
        BANK17           0008A0-0008EF               50           1
        BANK18           000920-00096F               50           1
        BANK2            000120-00016F               50           1
        BANK3            0001A0-0001EF               50           1
        BANK4            000220-00026F               50           1
        BANK5            0002A0-0002EF               50           1
        BANK6            000320-00036F               50           1
        BANK7            0003A0-0003EF               50           1
        BANK8            000420-00046F               50           1
        BANK9            0004A0-0004EF               50           1
        BIGRAM           002000-0025EF              5F0           1
        CODE             000002-000003                2           2
                         000800-000803                4
                         0013FF-0013FF                1
                         001441-0015E2              1A2
                         001800-003FFF              800
        CONST            000002-000003                2           2
                         000800-000803                4
                         0013FF-0013FF                1
                         001441-0015E2               BF
                         001800-003FFF              100
        ENTRY            000002-000003                2           2
                         000800-000803                4
                         0013FF-0013FF                1
                         001441-0015E2               BF
                         001800-003FFF              100
        IDLOC            008000-008003                4           2
        RAM              00006B-00006F                5           1
                         0000A0-0000EF               50
                         000120-00016F               50
                         0001A0-0001EF               50
                         000220-00026F               50
                         0002A0-0002EF               50
                         000320-00036F               50
                         0003A0-0003EF               50
                         000420-00046F               50
                         0004A0-0004EF               50
                         000520-00056F               50
                         0005A0-0005EF               50
                         000620-00066F               50
                         0006A0-0006EF               50
                         000720-00076F               50
                         0007A0-0007EF               50
                         000820-00086F               50
                         0008A0-0008EF               50
                         000920-00096F               50
        SFR0             000000-00001F               20           1
        SFR1             000080-00009F               20           1
        SFR10            000500-00051F               20           1
        SFR11            000580-00059F               20           1
        SFR12            000600-00061F               20           1
        SFR13            000680-00069F               20           1
        SFR14            000700-00071F               20           1
        SFR15            000780-00079F               20           1
        SFR16            000800-00081F               20           1
        SFR17            000880-00089F               20           1
        SFR18            000900-00091F               20           1
        SFR19            000980-0009EF               70           1
        SFR2             000100-00011F               20           1
        SFR20            000A00-000A6F               70           1
        SFR21            000A80-000AEF               70           1
        SFR22            000B00-000B6F               70           1
        SFR23            000B80-000BEF               70           1
        SFR24            000C00-000C6F               70           1
        SFR25            000C80-000CEF               70           1
        SFR26            000D00-000D6F               70           1
        SFR27            000D80-000DEF               70           1
        SFR28            000E00-000E6F               70           1
        SFR29            000E80-000EEF               70           1
        SFR3             000180-00019F               20           1
        SFR30            000F00-000F6F               70           1
        SFR31            000F80-000FEF               70           1
        SFR4             000200-00021F               20           1
        SFR5             000280-00029F               20           1
        SFR6             000300-00031F               20           1
        SFR7             000380-00039F               20           1
        SFR8             000400-00041F               20           1
        SFR9             000480-00049F               20           1
        STACK            00204B-0025EF              5A5           1
        STRCODE          000002-000003                2           2
                         000800-000803                4
                         0013FF-0013FF                1
                         001441-0015E2              1A2
                         001800-003FFF             2800
        STRING           000002-000003                2           2
                         000800-000803                4
                         0013FF-0013FF                1
                         001441-0015E2               BF
                         001800-003FFF              100

                                  Symbol Table

?_ADC_get_val                                 cstackCOMMON     000070
?___ftmul                                     cstackBANK0      000048
?___ftpack                                    cstackCOMMON     000070
?___fttol                                     cstackBANK0      000054
?___lwtoft                                    cstackCOMMON     000078
?___wmul                                      cstackCOMMON     000070
?_get_current                                 cstackBANK0      000061
?_receive_data_bytes                          cstackCOMMON     00007C
ADC_get_val@channel                           cstackCOMMON     000074
ADC_get_val@return_val                        cstackCOMMON     000075
EUSART1_Write@txData                          cstackCOMMON     000070
_ADCON0                                       (abs)            00009D
_ADCON0bits                                   (abs)            00009D
_ADCON1                                       (abs)            00009E
_ADC_cur_sink_val                             bssBANK0         000020
_ADC_get_val                                  text29           000486
_ADC_val                                      bssBANK0         000022
_ADRESH                                       (abs)            00009C
_ADRESL                                       (abs)            00009B
_ANSELA                                       (abs)            00018C
_ANSELB                                       (abs)            00018D
_ANSELD                                       (abs)            00018F
_ANSELE                                       (abs)            000190
_ANSELF                                       (abs)            00040C
_ANSELG                                       (abs)            00040D
_BAUD1CON                                     (abs)            00019F
_BAUD2CON                                     (abs)            000497
_CCP9CON                                      (abs)            00061C
_CCPR9L                                       (abs)            00061A
_CCPTMRS2                                     (abs)            00029F
_Data_Temp_Work_int                           bssBANK0         000024
_EUSART1_Write                                text1            000865
_FVRCON                                       (abs)            000117
_GIE                                          (abs)            00005F
_INTCONbits                                   (abs)            00000B
_LATA6                                        (abs)            000866
_LATA7                                        (abs)            000867
_LATB4                                        (abs)            00086C
_LATB5                                        (abs)            00086D
_LATB6                                        (abs)            00086E
_LATB7                                        (abs)            00086F
_LATC5                                        (abs)            000875
_LATC7                                        (abs)            000877
_LATD2                                        (abs)            00087A
_LATD4                                        (abs)            00087C
_LATD5                                        (abs)            00087D
_LATD6                                        (abs)            00087E
_LATD7                                        (abs)            00087F
_LATF4                                        (abs)            001C64
_LATF7                                        (abs)            001C67
_LATG0                                        (abs)            001C68
_LATG3                                        (abs)            001C6B
_LATG4                                        (abs)            001C6C
_OPTION_REG                                   (abs)            000095
_OSCCON                                       (abs)            000099
_PIE1bits                                     (abs)            000091
_PIR1bits                                     (abs)            000011
_PORTA                                        (abs)            00000C
_PORTB                                        (abs)            00000D
_PORTC                                        (abs)            00000E
_PORTD                                        (abs)            00000F
_PORTE                                        (abs)            000010
_PORTF                                        (abs)            00028C
_PORTG                                        (abs)            00028D
_PR2                                          (abs)            00001B
_PR8                                          (abs)            000596
_RA0                                          (abs)            000060
_RA1                                          (abs)            000061
_RA4                                          (abs)            000064
_RA5                                          (abs)            000065
_RC1STA                                       (abs)            00019D
_RC2IF                                        (abs)            0000A5
_RC2REG                                       (abs)            000491
_RC2STA                                       (abs)            000495
_RC2STAbits                                   (abs)            000495
_RE0                                          (abs)            000080
_RE4                                          (abs)            000084
_RE5                                          (abs)            000085
_RF5                                          (abs)            001465
_SP1BRGH                                      (abs)            00019C
_SP1BRGL                                      (abs)            00019B
_SP2BRGH                                      (abs)            000494
_SP2BRGL                                      (abs)            000493
_SSP1ADD                                      (abs)            000212
_SSP1BUF                                      (abs)            000211
_SSP1CON1                                     (abs)            000215
_SSP1CON2                                     (abs)            000216
_SSP1CON2bits                                 (abs)            000216
_SSP1STAT                                     (abs)            000214
_SSP1STATbits                                 (abs)            000214
_T2CON                                        (abs)            00001C
_T8CON                                        (abs)            000597
_TMR0                                         (abs)            000015
_TMR0IE                                       (abs)            00005D
_TMR0IF                                       (abs)            00005A
_TRISA                                        (abs)            00008C
_TRISB                                        (abs)            00008D
_TRISC                                        (abs)            00008E
_TRISC3                                       (abs)            000473
_TRISC4                                       (abs)            000474
_TRISD                                        (abs)            00008F
_TRISE                                        (abs)            000090
_TRISF                                        (abs)            00030C
_TRISG                                        (abs)            00030D
_TX1STA                                       (abs)            00019E
_TX2REG                                       (abs)            000492
_TX2STA                                       (abs)            000496
_TX2STAbits                                   (abs)            000496
_WPUB                                         (abs)            00020D
_WPUD                                         (abs)            00020F
_WPUE                                         (abs)            000210
__CFG_BOREN$ON                                (abs)            000000
__CFG_BORV$HI                                 (abs)            000000
__CFG_CLKOUTEN$OFF                            (abs)            000000
__CFG_CP$ON                                   (abs)            000000
__CFG_FCMEN$OFF                               (abs)            000000
__CFG_FOSC$INTOSC                             (abs)            000000
__CFG_IESO$OFF                                (abs)            000000
__CFG_LPBOR$OFF                               (abs)            000000
__CFG_LVP$OFF                                 (abs)            000000
__CFG_MCLRE$ON                                (abs)            000000
__CFG_PWRTE$ON                                (abs)            000000
__CFG_STVREN$ON                               (abs)            000000
__CFG_WDTE$SWDTEN                             (abs)            000000
__CFG_WRT$OFF                                 (abs)            000000
__Habs1                                       abs1             000000
__Hbank0                                      bank0            000000
__Hbank1                                      bank1            000000
__Hbank10                                     bank10           000000
__Hbank11                                     bank11           000000
__Hbank12                                     bank12           000000
__Hbank13                                     bank13           000000
__Hbank14                                     bank14           000000
__Hbank15                                     bank15           000000
__Hbank16                                     bank16           000000
__Hbank17                                     bank17           000000
__Hbank18                                     bank18           000000
__Hbank19                                     bank19           000000
__Hbank2                                      bank2            000000
__Hbank20                                     bank20           000000
__Hbank21                                     bank21           000000
__Hbank22                                     bank22           000000
__Hbank23                                     bank23           000000
__Hbank24                                     bank24           000000
__Hbank25                                     bank25           000000
__Hbank26                                     bank26           000000
__Hbank27                                     bank27           000000
__Hbank28                                     bank28           000000
__Hbank29                                     bank29           000000
__Hbank3                                      bank3            000000
__Hbank30                                     bank30           000000
__Hbank31                                     bank31           000000
__Hbank4                                      bank4            000000
__Hbank5                                      bank5            000000
__Hbank6                                      bank6            000000
__Hbank7                                      bank7            000000
__Hbank8                                      bank8            000000
__Hbank9                                      bank9            000000
__Hbigram                                     bigram           000000
__HbitbssBANK0                                bitbssBANK0      000000
__HbssBANK0                                   bssBANK0         000000
__Hcinit                                      cinit            0000C9
__Hclrtext                                    clrtext          000000
__Hcode                                       code             000000
__Hcommon                                     common           000000
__Hconfig                                     config           008009
__HcstackBANK0                                cstackBANK0      000000
__HcstackCOMMON                               cstackCOMMON     000000
__HdataBANK0                                  dataBANK0        000000
__Heeprom_data                                eeprom_data      000000
__Hend_init                                   end_init         0000B9
__Hfunctab                                    functab          000000
__HidataBANK0                                 idataBANK0       000000
__Hidloc                                      idloc            000000
__Hinit                                       init             0000B7
__Hintentry                                   intentry         0000B7
__Hmaintext                                   maintext         000000
__Hmaintext_split_1                           maintext_split_1 000000
__Hmaintext_split_2                           maintext_split_2 000000
__Hmaintext_split_3                           maintext_split_3 000000
__Hmaintext_split_4                           maintext_split_4 000000
__Hmaintext_split_5                           maintext_split_5 000000
__Hmaintext_split_6                           maintext_split_6 000000
__Hmaintext_split_7                           maintext_split_7 000000
__Hmaintext_split_8                           maintext_split_8 000000
__Hpa_nodes                                   pa_nodes         000000
__Hpowerup                                    powerup          000000
__Hram                                        ram              000000
__Hreset_vec                                  reset_vec        000002
__Hsfr0                                       sfr0             000000
__Hsfr1                                       sfr1             000000
__Hsfr10                                      sfr10            000000
__Hsfr11                                      sfr11            000000
__Hsfr12                                      sfr12            000000
__Hsfr13                                      sfr13            000000
__Hsfr14                                      sfr14            000000
__Hsfr15                                      sfr15            000000
__Hsfr16                                      sfr16            000000
__Hsfr17                                      sfr17            000000
__Hsfr18                                      sfr18            000000
__Hsfr19                                      sfr19            000000
__Hsfr2                                       sfr2             000000
__Hsfr20                                      sfr20            000000
__Hsfr21                                      sfr21            000000
__Hsfr22                                      sfr22            000000
__Hsfr23                                      sfr23            000000
__Hsfr24                                      sfr24            000000
__Hsfr25                                      sfr25            000000
__Hsfr26                                      sfr26            000000
__Hsfr27                                      sfr27            000000
__Hsfr28                                      sfr28            000000
__Hsfr29                                      sfr29            000000
__Hsfr3                                       sfr3             000000
__Hsfr30                                      sfr30            000000
__Hsfr31                                      sfr31            000000
__Hsfr4                                       sfr4             000000
__Hsfr5                                       sfr5             000000
__Hsfr6                                       sfr6             000000
__Hsfr7                                       sfr7             000000
__Hsfr8                                       sfr8             000000
__Hsfr9                                       sfr9             000000
__Hspace_0                                    (abs)            008009
__Hspace_1                                    (abs)            000351
__Hspace_2                                    (abs)            000000
__Hspace_3                                    (abs)            000000
__Hstack                                      stack            000000
__Hstrings                                    strings          000000
__Hstringtext                                 stringtext       000000
__Htext                                       text             000000
__Labs1                                       abs1             000000
__Lbank0                                      bank0            000000
__Lbank1                                      bank1            000000
__Lbank10                                     bank10           000000
__Lbank11                                     bank11           000000
__Lbank12                                     bank12           000000
__Lbank13                                     bank13           000000
__Lbank14                                     bank14           000000
__Lbank15                                     bank15           000000
__Lbank16                                     bank16           000000
__Lbank17                                     bank17           000000
__Lbank18                                     bank18           000000
__Lbank19                                     bank19           000000
__Lbank2                                      bank2            000000
__Lbank20                                     bank20           000000
__Lbank21                                     bank21           000000
__Lbank22                                     bank22           000000
__Lbank23                                     bank23           000000
__Lbank24                                     bank24           000000
__Lbank25                                     bank25           000000
__Lbank26                                     bank26           000000
__Lbank27                                     bank27           000000
__Lbank28                                     bank28           000000
__Lbank29                                     bank29           000000
__Lbank3                                      bank3            000000
__Lbank30                                     bank30           000000
__Lbank31                                     bank31           000000
__Lbank4                                      bank4            000000
__Lbank5                                      bank5            000000
__Lbank6                                      bank6            000000
__Lbank7                                      bank7            000000
__Lbank8                                      bank8            000000
__Lbank9                                      bank9            000000
__Lbigram                                     bigram           000000
__LbitbssBANK0                                bitbssBANK0      000000
__LbssBANK0                                   bssBANK0         000000
__Lcinit                                      cinit            0000B9
__Lclrtext                                    clrtext          000000
__Lcode                                       code             000000
__Lcommon                                     common           000000
__Lconfig                                     config           008007
__LcstackBANK0                                cstackBANK0      000000
__LcstackCOMMON                               cstackCOMMON     000000
__LdataBANK0                                  dataBANK0        000000
__Leeprom_data                                eeprom_data      000000
__Lend_init                                   end_init         0000B7
__Lfunctab                                    functab          000000
__LidataBANK0                                 idataBANK0       000000
__Lidloc                                      idloc            000000
__Linit                                       init             0000B7
__Lintentry                                   intentry         000004
__Lmaintext                                   maintext         000000
__Lmaintext_split_1                           maintext_split_1 000000
__Lmaintext_split_2                           maintext_split_2 000000
__Lmaintext_split_3                           maintext_split_3 000000
__Lmaintext_split_4                           maintext_split_4 000000
__Lmaintext_split_5                           maintext_split_5 000000
__Lmaintext_split_6                           maintext_split_6 000000
__Lmaintext_split_7                           maintext_split_7 000000
__Lmaintext_split_8                           maintext_split_8 000000
__Lpa_nodes                                   pa_nodes         000000
__Lpowerup                                    powerup          000000
__Lram                                        ram              000000
__Lreset_vec                                  reset_vec        000000
__Lsfr0                                       sfr0             000000
__Lsfr1                                       sfr1             000000
__Lsfr10                                      sfr10            000000
__Lsfr11                                      sfr11            000000
__Lsfr12                                      sfr12            000000
__Lsfr13                                      sfr13            000000
__Lsfr14                                      sfr14            000000
__Lsfr15                                      sfr15            000000
__Lsfr16                                      sfr16            000000
__Lsfr17                                      sfr17            000000
__Lsfr18                                      sfr18            000000
__Lsfr19                                      sfr19            000000
__Lsfr2                                       sfr2             000000
__Lsfr20                                      sfr20            000000
__Lsfr21                                      sfr21            000000
__Lsfr22                                      sfr22            000000
__Lsfr23                                      sfr23            000000
__Lsfr24                                      sfr24            000000
__Lsfr25                                      sfr25            000000
__Lsfr26                                      sfr26            000000
__Lsfr27                                      sfr27            000000
__Lsfr28                                      sfr28            000000
__Lsfr29                                      sfr29            000000
__Lsfr3                                       sfr3             000000
__Lsfr30                                      sfr30            000000
__Lsfr31                                      sfr31            000000
__Lsfr4                                       sfr4             000000
__Lsfr5                                       sfr5             000000
__Lsfr6                                       sfr6             000000
__Lsfr7                                       sfr7             000000
__Lsfr8                                       sfr8             000000
__Lsfr9                                       sfr9             000000
__Lspace_0                                    (abs)            000000
__Lspace_1                                    (abs)            000000
__Lspace_2                                    (abs)            000000
__Lspace_3                                    (abs)            000000
__Lstack                                      stack            000000
__Lstrings                                    strings          000000
__Lstringtext                                 stringtext       000000
__Ltext                                       text             000000
__S0                                          (abs)            008009
__S1                                          (abs)            00007E
__S2                                          (abs)            000000
___bmul                                       text3            0003C5
___bmul@multiplicand                          cstackCOMMON     000070
___bmul@multiplier                            cstackCOMMON     000072
___bmul@product                               cstackCOMMON     000071
___ftmul                                      text29           0004A3
___ftmul@cntr                                 cstackBANK0      000052
___ftmul@exp                                  cstackBANK0      00004E
___ftmul@f1                                   cstackBANK0      000048
___ftmul@f2                                   cstackBANK0      00004B
___ftmul@f3_as_product                        cstackBANK0      00004F
___ftmul@sign                                 cstackBANK0      000053
___ftpack                                     text29           00051D
___ftpack@arg                                 cstackCOMMON     000070
___ftpack@exp                                 cstackCOMMON     000073
___ftpack@sign                                cstackCOMMON     000074
___fttol                                      text29           00055B
___fttol@exp1                                 cstackBANK0      000060
___fttol@f1                                   cstackBANK0      000054
___fttol@lval                                 cstackBANK0      00005C
___fttol@sign1                                cstackBANK0      00005B
___int_sp                                     stack            000000
___latbits                                    (abs)            000003
___lwtoft                                     text29           00050D
___lwtoft@c                                   cstackCOMMON     000078
___sp                                         stack            000000
___wmul                                       text3            0003E8
___wmul@multiplicand                          cstackCOMMON     000072
___wmul@multiplier                            cstackCOMMON     000070
___wmul@product                               cstackCOMMON     000074
__end_of_ADC_get_val                          text29           0004A3
__end_of_EUSART1_Write                        text1            00086C
__end_of___bmul                               text3            0003E8
__end_of___ftmul                              text29           00050D
__end_of___ftpack                             text29           00055B
__end_of___fttol                              text29           0005B8
__end_of___lwtoft                             text29           00051D
__end_of___wmul                               text3            0003FD
__end_of__initialization                      cinit            0000C5
__end_of_buzz_one                             text3            0003FE
__end_of_clear_lcd                            text3            0002AD
__end_of_debug_fast_tx                        text3            00042B
__end_of_get_current                          text29           000486
__end_of_i2c_Start                            text3            000311
__end_of_i2c_Stop                             text3            000316
__end_of_i2c_Write                            text3            00030C
__end_of_i2c_Write_string                     text3            0002C8
__end_of_i2c_first_line                       text3            000298
__end_of_i2c_second_line                      text3            00023C
__end_of_i2c_write_char                       text3            00021A
__end_of_init_ADC                             text28           001441
__end_of_init_current_sink                    text27           00081F
__end_of_init_i2c                             text26           000836
__end_of_init_i2c_lcd_5v                      text3            000300
__end_of_init_uart1                           text21           001436
__end_of_init_uart2                           text20           00142B
__end_of_isr                                  intentry         0000B7
__end_of_lcd_print_int                        text3            00020D
__end_of_lcd_set_cursor                       text3            000199
__end_of_main                                 maintext_split_8 001000
__end_of_manage_read_byte                     text3            000181
__end_of_power_supply_set                     text3            00045A
__end_of_print_error                          text3            000287
__end_of_print_screen                         text3            00022B
__end_of_receive_data_bytes                   text3            000168
__end_of_send_usart_packet_manage             text1            000865
__end_of_ten_thou_conv                        text3            0003C5
__initialization                              cinit            0000B9
__pbitbssBANK0                                bitbssBANK0      000350
__pbssBANK0                                   bssBANK0         000020
__pcstackBANK0                                cstackBANK0      000048
__pcstackCOMMON                               cstackCOMMON     000070
__pdataBANK0                                  dataBANK0        000068
__pidataBANK0                                 idataBANK0       000000
__pintentry                                   intentry         000004
__pmaintext                                   maintext         001778
__pstringtext                                 stringtext       001000
__pswtext1                                    swtext1          001400
__pswtext2                                    swtext2          0007F6
__pswtext3                                    swtext3          001412
__ptext1                                      text1            000836
__ptext10                                     text3            00042B
__ptext11                                     text3            0003FE
__ptext12                                     text3            0003FD
__ptext13                                     text3            000168
__ptext14                                     text3            000199
__ptext15                                     text3            000316
__ptext16                                     text3            0003E8
__ptext17                                     text3            0003C5
__ptext18                                     text3            000181
__ptext19                                     text3            00020D
__ptext2                                      text1            000865
__ptext20                                     text20           001420
__ptext21                                     text21           00142B
__ptext22                                     text3            0002C8
__ptext23                                     text3            000300
__ptext24                                     text3            000311
__ptext25                                     text3            00030C
__ptext26                                     text26           00081F
__ptext27                                     text27           00080A
__ptext28                                     text28           001436
__ptext29                                     text29           00045A
__ptext3                                      text3            0000C9
__ptext30                                     text29           00050D
__ptext31                                     text29           00055B
__ptext32                                     text29           0004A3
__ptext33                                     text29           00051D
__ptext34                                     text29           000486
__ptext4                                      text3            00023C
__ptext5                                      text3            00021A
__ptext6                                      text3            00022B
__ptext7                                      text3            000287
__ptext8                                      text3            0002AD
__ptext9                                      text3            000298
__size_of_ADC_get_val                         (abs)            000000
__size_of_EUSART1_Write                       (abs)            000000
__size_of___bmul                              (abs)            000000
__size_of___ftmul                             (abs)            000000
__size_of___ftpack                            (abs)            000000
__size_of___fttol                             (abs)            000000
__size_of___lwtoft                            (abs)            000000
__size_of___wmul                              (abs)            000000
__size_of_buzz_one                            (abs)            000000
__size_of_clear_lcd                           (abs)            000000
__size_of_debug_fast_tx                       (abs)            000000
__size_of_get_current                         (abs)            000000
__size_of_i2c_Start                           (abs)            000000
__size_of_i2c_Stop                            (abs)            000000
__size_of_i2c_Write                           (abs)            000000
__size_of_i2c_Write_string                    (abs)            000000
__size_of_i2c_first_line                      (abs)            000000
__size_of_i2c_second_line                     (abs)            000000
__size_of_i2c_write_char                      (abs)            000000
__size_of_init_ADC                            (abs)            000000
__size_of_init_current_sink                   (abs)            000000
__size_of_init_i2c                            (abs)            000000
__size_of_init_i2c_lcd_5v                     (abs)            000000
__size_of_init_uart1                          (abs)            000000
__size_of_init_uart2                          (abs)            000000
__size_of_isr                                 (abs)            000000
__size_of_lcd_print_int                       (abs)            000000
__size_of_lcd_set_cursor                      (abs)            000000
__size_of_main                                (abs)            000000
__size_of_manage_read_byte                    (abs)            000000
__size_of_power_supply_set                    (abs)            000000
__size_of_print_error                         (abs)            000000
__size_of_print_screen                        (abs)            000000
__size_of_receive_data_bytes                  (abs)            000000
__size_of_send_usart_packet_manage            (abs)            000000
__size_of_ten_thou_conv                       (abs)            000000
_buzz_one                                     text3            0003FD
_buzz_timer                                   bssBANK0         000026
_clear_lcd                                    text3            000298
_curent_sink_val                              bssBANK0         000028
_current_sink_stable                          bssBANK0         00002A
_current_sink_timer                           bssBANK0         00002C
_debug_fast_tx                                text3            0003FE
_get_current                                  text29           00045A
_hund                                         bssBANK0         000040
_i2c_Start                                    text3            00030C
_i2c_Stop                                     text3            000311
_i2c_Write                                    text3            000300
_i2c_Write_string                             text3            0002AD
_i2c_first_line                               text3            000287
_i2c_second_line                              text3            00022B
_i2c_write_char                               text3            00020D
_init_ADC                                     text28           001436
_init_current_sink                            text27           00080A
_init_i2c                                     text26           00081F
_init_i2c_lcd_5v                              text3            0002C8
_init_uart1                                   text21           00142B
_init_uart2                                   text20           001420
_isr                                          intentry         000004
_lcd_print_int                                text3            000199
_lcd_set_cursor                               text3            000181
_main                                         maintext         001778
_manage_read_byte                             text3            000168
_motor_direction_timer                        bssBANK0         00002E
_one_second_timer                             dataBANK0        000068
_pickit_all_counter                           bssBANK0         000030
_pickit_pgm_timeout                           bssBANK0         000032
_pickit_red_counter                           bssBANK0         000034
_pickit_state                                 bssBANK0         000041
_pickit_timer                                 bssBANK0         000036
_power_supply_set                             text3            00042B
_print_error                                  text3            00023C
_print_screen                                 text3            00021A
_receive_data_bytes                           text3            0000C9
_send_usart_packet_manage                     text1            000836
_ten                                          bssBANK0         000042
_ten_thou                                     bssBANK0         000043
_ten_thou_conv                                text3            000316
_testjig_timer                                bssBANK0         000038
_thou                                         bssBANK0         000047
_tj_timer                                     bssBANK0         00003A
_uart_receive_timer                           bssBANK0         00003C
_unit                                         bssBANK0         000044
_usart_fault_flag                             bitbssBANK0      000350
_usart_fault_state                            bssBANK0         000045
_usart_receive_state_main                     bssBANK0         000046
_usart_timer                                  bssBANK0         00003E
btemp                                         (abs)            00007E
buzz_one@time                                 cstackCOMMON     000070
clear_ram0                                    clrtext          000804
debug_fast_tx@data                            cstackCOMMON     000070
debug_fast_tx@i                               cstackCOMMON     000072
end_of_initialization                         cinit            0000C5
get_current@temp                              cstackBANK0      000063
i2c_Write@data                                cstackCOMMON     000070
i2c_Write_string@data                         cstackCOMMON     000071
i2c_write_char@char_data                      cstackCOMMON     000071
init_i2c_lcd_5v@contrast                      cstackCOMMON     000074
init_i2c_lcd_5v@single1_double2               cstackCOMMON     000071
int$flags                                     (abs)            00007E
intlevel0                                     functab          000000
intlevel1                                     functab          000000
intlevel2                                     functab          000000
intlevel3                                     functab          000000
intlevel4                                     functab          000000
intlevel5                                     functab          000000
lcd_print_int@decimal                         cstackBANK0      00004C
lcd_print_int@number                          cstackBANK0      000048
lcd_print_int@pos                             cstackBANK0      00004A
lcd_print_int@ten_thou_digit                  cstackBANK0      00004D
lcd_set_cursor@LCD_position                   cstackCOMMON     000073
lcd_set_cursor@col                            cstackCOMMON     000071
lcd_set_cursor@row                            cstackCOMMON     000072
ltemp                                         (abs)            00007E
ltemp0                                        (abs)            00007E
ltemp1                                        (abs)            000082
ltemp2                                        (abs)            000086
ltemp3                                        (abs)            000080
manage_read_byte@timeout_enable               cstackCOMMON     000070
pnum$maintext                                 (abs)            00000B
pnum$maintext_split_1                         (abs)            000033
pnum$maintext_split_2                         (abs)            000034
pnum$maintext_split_3                         (abs)            000035
pnum$maintext_split_4                         (abs)            000036
pnum$maintext_split_5                         (abs)            000037
pnum$maintext_split_6                         (abs)            000038
pnum$maintext_split_7                         (abs)            000039
pnum$maintext_split_8                         (abs)            00003A
power_supply_set@supply                       cstackCOMMON     000070
print_error@bottom                            cstackCOMMON     00007A
print_error@top                               cstackCOMMON     000078
print_screen@bottom                           cstackCOMMON     000076
print_screen@top                              cstackCOMMON     000074
psplit$0                                      (abs)            0B0033
psplit$1                                      (abs)            330034
psplit$2                                      (abs)            340035
psplit$3                                      (abs)            350036
psplit$4                                      (abs)            360037
psplit$5                                      (abs)            370038
psplit$6                                      (abs)            380039
psplit$7                                      (abs)            39003A
receive_data_bytes@checksum_high_byte         cstackBANK0      000057
receive_data_bytes@checksum_low_byte          cstackBANK0      000058
receive_data_bytes@command_byte               cstackBANK0      000059
receive_data_bytes@data_high_byte             cstackBANK0      00005A
receive_data_bytes@data_int_value             cstackBANK0      000055
receive_data_bytes@data_low_byte              cstackBANK0      00005B
receive_data_bytes@time_out_first_byte        cstackCOMMON     00007C
receive_data_bytes@usart_checksum             cstackBANK0      000053
receive_data_bytes@usart_validation_work      cstackBANK0      000051
reset_vec                                     reset_vec        000000
send_usart_packet_manage@Data_carry           cstackCOMMON     000071
send_usart_packet_manage@checksum_high_byte_4 cstackBANK0      000048
send_usart_packet_manage@checksum_low_byte_5  cstackBANK0      000049
send_usart_packet_manage@checksum_send_work   cstackBANK0      00004D
send_usart_packet_manage@command_byte_1       cstackBANK0      00004A
send_usart_packet_manage@data_high_byte_2     cstackBANK0      00004B
send_usart_packet_manage@data_low_byte_3      cstackBANK0      00004C
stackhi                                       (abs)            0025EF
stacklo                                       (abs)            00204B
start                                         init             0000B7
start_initialization                          cinit            0000B9
ten_thou_conv@n                               cstackCOMMON     000076
ttemp                                         (abs)            00007E
ttemp0                                        (abs)            00007E
ttemp1                                        (abs)            000081
ttemp2                                        (abs)            000084
ttemp3                                        (abs)            000087
ttemp4                                        (abs)            00007F
wtemp                                         (abs)            00007E
wtemp0                                        (abs)            00007E
wtemp1                                        (abs)            000080
wtemp2                                        (abs)            000082
wtemp3                                        (abs)            000084
wtemp4                                        (abs)            000086
wtemp5                                        (abs)            000088
wtemp6                                        (abs)            00007F


FUNCTION INFORMATION:

 *************** function _main *****************
 Defined at:
		line 1090 in file "newmain1.c"
 Parameters:    Size  Location     Type
		None
 Auto vars:     Size  Location     Type
		None
 Return value:  Size  Location     Type
		None               void
 Registers used:
		wreg, fsr0l, fsr0h, status,2, status,0, pclath, cstack
 Tracked objects:
		On entry : 
		On exit  : 
		Unchanged: 
 Data sizes:     COMMON   BANK0   BANK1   BANK2   BANK3   BANK4   BANK5   BANK6   BANK7   BANK8   BANK9  BANK10  BANK11  BANK12  BANK13  BANK14  BANK15  BANK16  BANK17  BANK18
      Params:         0       0       0       0       0       0       0       0       0       0       0       0       0       0       0       0       0       0       0       0
      Locals:         0       0       0       0       0       0       0       0       0       0       0       0       0       0       0       0       0       0       0       0
      Temps:          0       3       0       0       0       0       0       0       0       0       0       0       0       0       0       0       0       0       0       0
      Totals:         0       3       0       0       0       0       0       0       0       0       0       0       0       0       0       0       0       0       0       0
Total ram usage:        3 bytes
 Hardware stack levels required when called:    6
 This function calls:
		_ADC_get_val
		_buzz_one
		_debug_fast_tx
		_get_current
		_init_ADC
		_init_current_sink
		_init_i2c
		_init_i2c_lcd_5v
		_init_uart1
		_init_uart2
		_lcd_print_int
		_power_supply_set
		_print_error
		_print_screen
		_receive_data_bytes
		_send_usart_packet_manage
 This function is called by:
		Startup code after reset
 This function uses a non-reentrant model


 *************** function _send_usart_packet_manage *****************
 Defined at:
		line 427 in file "newmain1.c"
 Parameters:    Size  Location     Type
  command_byte    1    wreg     unsigned char 
  Data_carry      2    1[COMMON] unsigned int 
 Auto vars:     Size  Location     Type
  command_byte    1    2[BANK0 ] unsigned char 
  checksum_sen    2    5[BANK0 ] unsigned int 
  data_low_byt    1    4[BANK0 ] unsigned char 
  data_high_by    1    3[BANK0 ] unsigned char 
  checksum_low    1    1[BANK0 ] unsigned char 
  checksum_hig    1    0[BANK0 ] unsigned char 
 Return value:  Size  Location     Type
		None               void
 Registers used:
		wreg, status,2, status,0, pclath, cstack
 Tracked objects:
		On entry : 
		On exit  : 
		Unchanged: 
 Data sizes:     COMMON   BANK0   BANK1   BANK2   BANK3   BANK4   BANK5   BANK6   BANK7   BANK8   BANK9  BANK10  BANK11  BANK12  BANK13  BANK14  BANK15  BANK16  BANK17  BANK18
      Params:         2       0       0       0       0       0       0       0       0       0       0       0       0       0       0       0       0       0       0       0
      Locals:         0       7       0       0       0       0       0       0       0       0       0       0       0       0       0       0       0       0       0       0
      Temps:          6       0       0       0       0       0       0       0       0       0       0       0       0       0       0       0       0       0       0       0
      Totals:         8       7       0       0       0       0       0       0       0       0       0       0       0       0       0       0       0       0       0       0
Total ram usage:       15 bytes
 Hardware stack levels used:    1
 Hardware stack levels required when called:    2
 This function calls:
		_EUSART1_Write
 This function is called by:
		_main
 This function uses a non-reentrant model


 *************** function _EUSART1_Write *****************
 Defined at:
		line 415 in file "newmain1.c"
 Parameters:    Size  Location     Type
  txData          1    wreg     unsigned char 
 Auto vars:     Size  Location     Type
  txData          1    0[COMMON] unsigned char 
 Return value:  Size  Location     Type
		None               void
 Registers used:
		wreg
 Tracked objects:
		On entry : 
		On exit  : 
		Unchanged: 
 Data sizes:     COMMON   BANK0   BANK1   BANK2   BANK3   BANK4   BANK5   BANK6   BANK7   BANK8   BANK9  BANK10  BANK11  BANK12  BANK13  BANK14  BANK15  BANK16  BANK17  BANK18
      Params:         0       0       0       0       0       0       0       0       0       0       0       0       0       0       0       0       0       0       0       0
      Locals:         1       0       0       0       0       0       0       0       0       0       0       0       0       0       0       0       0       0       0       0
      Temps:          0       0       0       0       0       0       0       0       0       0       0       0       0       0       0       0       0       0       0       0
      Totals:         1       0       0       0       0       0       0       0       0       0       0       0       0       0       0       0       0       0       0       0
Total ram usage:        1 bytes
 Hardware stack levels used:    1
 Hardware stack levels required when called:    1
 This function calls:
		Nothing
 This function is called by:
		_send_usart_packet_manage
 This function uses a non-reentrant model


 *************** function _receive_data_bytes *****************
 Defined at:
		line 491 in file "newmain1.c"
 Parameters:    Size  Location     Type
  time_out_fir    2   12[COMMON] unsigned int 
 Auto vars:     Size  Location     Type
  data_int_val    2   13[BANK0 ] unsigned int 
  usart_checks    2   11[BANK0 ] unsigned int 
  usart_valida    2    9[BANK0 ] unsigned int 
  bit_data        2    0        unsigned int 
  data_low_byt    1   19[BANK0 ] unsigned char 
  data_high_by    1   18[BANK0 ] unsigned char 
  command_byte    1   17[BANK0 ] unsigned char 
  checksum_low    1   16[BANK0 ] unsigned char 
  checksum_hig    1   15[BANK0 ] unsigned char 
 Return value:  Size  Location     Type
                  2   12[COMMON] unsigned int 
 Registers used:
		wreg, fsr0l, fsr0h, status,2, status,0, pclath, cstack
 Tracked objects:
		On entry : 
		On exit  : 
		Unchanged: 
 Data sizes:     COMMON   BANK0   BANK1   BANK2   BANK3   BANK4   BANK5   BANK6   BANK7   BANK8   BANK9  BANK10  BANK11  BANK12  BANK13  BANK14  BANK15  BANK16  BANK17  BANK18
      Params:         2       0       0       0       0       0       0       0       0       0       0       0       0       0       0       0       0       0       0       0
      Locals:         0      11       0       0       0       0       0       0       0       0       0       0       0       0       0       0       0       0       0       0
      Temps:          0       6       0       0       0       0       0       0       0       0       0       0       0       0       0       0       0       0       0       0
      Totals:         2      17       0       0       0       0       0       0       0       0       0       0       0       0       0       0       0       0       0       0
Total ram usage:       19 bytes
 Hardware stack levels used:    1
 Hardware stack levels required when called:    5
 This function calls:
		_manage_read_byte
		_print_error
 This function is called by:
		_main
 This function uses a non-reentrant model


 *************** function _print_error *****************
 Defined at:
		line 3027 in file "newmain1.c"
 Parameters:    Size  Location     Type
  top             2    8[COMMON] PTR const unsigned char 
		 -> STR_157(17), STR_143(12), STR_141(12), STR_139(11), 
		 -> STR_137(11), STR_133(9), STR_129(12), STR_127(12), 
		 -> STR_125(12), STR_123(12), STR_121(12), STR_119(12), 
		 -> STR_117(12), STR_115(12), STR_113(12), STR_109(6), 
		 -> STR_93(6), STR_91(6), STR_89(6), STR_87(6), 
		 -> STR_85(6), STR_83(6), STR_81(6), STR_79(6), 
		 -> STR_77(6), STR_75(6), STR_71(15), STR_69(15), 
		 -> STR_67(15), STR_65(10), STR_63(10), STR_61(9), 
		 -> STR_59(9), STR_57(11), STR_55(11), STR_53(13), 
		 -> STR_51(13), STR_47(12), STR_41(13), STR_39(13), 
		 -> STR_35(11), STR_33(11), STR_29(12), STR_27(12), 
		 -> STR_23(15), STR_19(10), STR_15(6), STR_3(15), 
		 -> STR_1(14), 
  bottom          2   10[COMMON] PTR const unsigned char 
		 -> STR_158(17), STR_144(13), STR_142(14), STR_140(15), 
		 -> STR_138(16), STR_134(8), STR_130(14), STR_128(14), 
		 -> STR_126(14), STR_124(14), STR_122(14), STR_120(14), 
		 -> STR_118(13), STR_116(14), STR_114(14), STR_110(15), 
		 -> STR_94(14), STR_92(14), STR_90(12), STR_88(9), 
		 -> STR_86(9), STR_84(12), STR_82(16), STR_80(14), 
		 -> STR_78(14), STR_76(14), STR_72(6), STR_70(7), 
		 -> STR_68(13), STR_66(8), STR_64(9), STR_62(8), 
		 -> STR_60(9), STR_58(15), STR_56(16), STR_54(8), 
		 -> STR_52(9), STR_48(6), STR_42(9), STR_40(8), 
		 -> STR_36(9), STR_34(8), STR_30(9), STR_28(8), 
		 -> STR_24(8), STR_20(9), STR_16(12), STR_4(1), 
		 -> STR_2(1), 
 Auto vars:     Size  Location     Type
		None
 Return value:  Size  Location     Type
		None               void
 Registers used:
		wreg, fsr0l, fsr0h, status,2, status,0, pclath, cstack
 Tracked objects:
		On entry : 
		On exit  : 
		Unchanged: 
 Data sizes:     COMMON   BANK0   BANK1   BANK2   BANK3   BANK4   BANK5   BANK6   BANK7   BANK8   BANK9  BANK10  BANK11  BANK12  BANK13  BANK14  BANK15  BANK16  BANK17  BANK18
      Params:         4       0       0       0       0       0       0       0       0       0       0       0       0       0       0       0       0       0       0       0
      Locals:         0       0       0       0       0       0       0       0       0       0       0       0       0       0       0       0       0       0       0       0
      Temps:          0       3       0       0       0       0       0       0       0       0       0       0       0       0       0       0       0       0       0       0
      Totals:         4       3       0       0       0       0       0       0       0       0       0       0       0       0       0       0       0       0       0       0
Total ram usage:        7 bytes
 Hardware stack levels used:    1
 Hardware stack levels required when called:    4
 This function calls:
		_buzz_one
		_clear_lcd
		_debug_fast_tx
		_i2c_Write_string
		_i2c_first_line
		_i2c_second_line
		_power_supply_set
		_print_screen
 This function is called by:
		_receive_data_bytes
		_main
 This function uses a non-reentrant model


 *************** function _print_screen *****************
 Defined at:
		line 3050 in file "newmain1.c"
 Parameters:    Size  Location     Type
  top             2    4[COMMON] PTR const unsigned char 
		 -> STR_177(12), STR_175(16), STR_173(16), STR_171(12), 
		 -> STR_169(15), STR_167(13), STR_165(16), STR_163(5), 
		 -> STR_161(8), STR_159(17), STR_155(10), STR_153(18), 
		 -> STR_151(16), STR_149(9), STR_147(12), STR_145(10), 
		 -> STR_135(16), STR_131(8), STR_111(8), STR_107(8), 
		 -> STR_105(10), STR_103(9), STR_101(14), STR_99(13), 
		 -> STR_97(6), STR_95(6), STR_73(8), STR_49(12), 
		 -> STR_45(14), STR_43(12), STR_37(15), STR_31(13), 
		 -> STR_25(14), STR_21(13), STR_17(10), STR_13(15), 
		 -> STR_11(16), STR_9(6), STR_7(16), STR_5(13), 
  bottom          2    6[COMMON] PTR const unsigned char 
		 -> STR_178(17), STR_176(14), STR_174(14), STR_172(14), 
		 -> STR_170(14), STR_168(8), STR_166(9), STR_164(9), 
		 -> STR_162(9), STR_160(17), STR_156(14), STR_154(14), 
		 -> STR_152(14), STR_150(14), STR_148(14), STR_146(1), 
		 -> STR_136(1), STR_132(10), STR_112(14), STR_108(13), 
		 -> STR_106(16), STR_104(16), STR_102(16), STR_100(16), 
		 -> STR_98(10), STR_96(10), STR_74(14), STR_50(5), 
		 -> STR_46(1), STR_44(9), STR_38(1), STR_32(1), 
		 -> STR_26(1), STR_22(1), STR_18(10), STR_14(8), 
		 -> STR_12(22), STR_10(9), STR_8(22), STR_6(17), 
 Auto vars:     Size  Location     Type
		None
 Return value:  Size  Location     Type
		None               void
 Registers used:
		wreg, fsr0l, fsr0h, status,2, status,0, pclath, cstack
 Tracked objects:
		On entry : 
		On exit  : 
		Unchanged: 
 Data sizes:     COMMON   BANK0   BANK1   BANK2   BANK3   BANK4   BANK5   BANK6   BANK7   BANK8   BANK9  BANK10  BANK11  BANK12  BANK13  BANK14  BANK15  BANK16  BANK17  BANK18
      Params:         4       0       0       0       0       0       0       0       0       0       0       0       0       0       0       0       0       0       0       0
      Locals:         0       0       0       0       0       0       0       0       0       0       0       0       0       0       0       0       0       0       0       0
      Temps:          0       0       0       0       0       0       0       0       0       0       0       0       0       0       0       0       0       0       0       0
      Totals:         4       0       0       0       0       0       0       0       0       0       0       0       0       0       0       0       0       0       0       0
Total ram usage:        4 bytes
 Hardware stack levels used:    1
 Hardware stack levels required when called:    3
 This function calls:
		_clear_lcd
		_i2c_Write_string
		_i2c_first_line
		_i2c_second_line
 This function is called by:
		_main
		_print_error
 This function uses a non-reentrant model


 *************** function _i2c_second_line *****************
 Defined at:
		line 2676 in file "newmain1.c"
 Parameters:    Size  Location     Type
		None
 Auto vars:     Size  Location     Type
		None
 Return value:  Size  Location     Type
		None               void
 Registers used:
		wreg, status,2, status,0, pclath, cstack
 Tracked objects:
		On entry : 
		On exit  : 
		Unchanged: 
 Data sizes:     COMMON   BANK0   BANK1   BANK2   BANK3   BANK4   BANK5   BANK6   BANK7   BANK8   BANK9  BANK10  BANK11  BANK12  BANK13  BANK14  BANK15  BANK16  BANK17  BANK18
      Params:         0       0       0       0       0       0       0       0       0       0       0       0       0       0       0       0       0       0       0       0
      Locals:         0       0       0       0       0       0       0       0       0       0       0       0       0       0       0       0       0       0       0       0
      Temps:          1       0       0       0       0       0       0       0       0       0       0       0       0       0       0       0       0       0       0       0
      Totals:         1       0       0       0       0       0       0       0       0       0       0       0       0       0       0       0       0       0       0       0
Total ram usage:        1 bytes
 Hardware stack levels used:    1
 Hardware stack levels required when called:    2
 This function calls:
		_i2c_Start
		_i2c_Stop
		_i2c_Write
 This function is called by:
		_print_error
		_print_screen
 This function uses a non-reentrant model


 *************** function _i2c_first_line *****************
 Defined at:
		line 2667 in file "newmain1.c"
 Parameters:    Size  Location     Type
		None
 Auto vars:     Size  Location     Type
		None
 Return value:  Size  Location     Type
		None               void
 Registers used:
		wreg, status,2, status,0, pclath, cstack
 Tracked objects:
		On entry : 
		On exit  : 
		Unchanged: 
 Data sizes:     COMMON   BANK0   BANK1   BANK2   BANK3   BANK4   BANK5   BANK6   BANK7   BANK8   BANK9  BANK10  BANK11  BANK12  BANK13  BANK14  BANK15  BANK16  BANK17  BANK18
      Params:         0       0       0       0       0       0       0       0       0       0       0       0       0       0       0       0       0       0       0       0
      Locals:         0       0       0       0       0       0       0       0       0       0       0       0       0       0       0       0       0       0       0       0
      Temps:          1       0       0       0       0       0       0       0       0       0       0       0       0       0       0       0       0       0       0       0
      Totals:         1       0       0       0       0       0       0       0       0       0       0       0       0       0       0       0       0       0       0       0
Total ram usage:        1 bytes
 Hardware stack levels used:    1
 Hardware stack levels required when called:    2
 This function calls:
		_i2c_Start
		_i2c_Stop
		_i2c_Write
 This function is called by:
		_print_error
		_print_screen
 This function uses a non-reentrant model


 *************** function _i2c_Write_string *****************
 Defined at:
		line 2592 in file "newmain1.c"
 Parameters:    Size  Location     Type
  data            2    1[COMMON] PTR const unsigned char 
		 -> STR_178(17), STR_177(12), STR_176(14), STR_175(16), 
		 -> STR_174(14), STR_173(16), STR_172(14), STR_171(12), 
		 -> STR_170(14), STR_169(15), STR_168(8), STR_167(13), 
		 -> STR_166(9), STR_165(16), STR_164(9), STR_163(5), 
		 -> STR_162(9), STR_161(8), STR_160(17), STR_159(17), 
[...]
		On exit  : 
		Unchanged: 
 Data sizes:     COMMON   BANK0   BANK1   BANK2   BANK3   BANK4   BANK5   BANK6   BANK7   BANK8   BANK9  BANK10  BANK11  BANK12  BANK13  BANK14  BANK15  BANK16  BANK17  BANK18
      Params:         0       0       0       0       0       0       0       0       0       0       0       0       0       0       0       0       0       0       0       0
      Locals:         0       0       0       0       0       0       0       0       0       0       0       0       0       0       0       0       0       0       0       0
      Temps:          0       0       0       0       0       0       0       0       0       0       0       0       0       0       0       0       0       0       0       0
      Totals:         0       0       0       0       0       0       0       0       0       0       0       0       0       0       0       0       0       0       0       0
Total ram usage:        0 bytes
 Hardware stack levels used:    1
 Hardware stack levels required when called:    1
 This function calls:
		Nothing
 This function is called by:
		_i2c_Write_string
		_i2c_write_char
		_init_i2c_lcd_5v
		_clear_lcd
		_i2c_first_line
		_i2c_second_line
		_lcd_set_cursor
 This function uses a non-reentrant model


 *************** function _init_i2c *****************
 Defined at:
		line 3507 in file "newmain1.c"
 Parameters:    Size  Location     Type
		None
 Auto vars:     Size  Location     Type
		None
 Return value:  Size  Location     Type
		None               void
 Registers used:
		wreg
 Tracked objects:
		On entry : 
		On exit  : 
		Unchanged: 
 Data sizes:     COMMON   BANK0   BANK1   BANK2   BANK3   BANK4   BANK5   BANK6   BANK7   BANK8   BANK9  BANK10  BANK11  BANK12  BANK13  BANK14  BANK15  BANK16  BANK17  BANK18
      Params:         0       0       0       0       0       0       0       0       0       0       0       0       0       0       0       0       0       0       0       0
      Locals:         0       0       0       0       0       0       0       0       0       0       0       0       0       0       0       0       0       0       0       0
      Temps:          3       0       0       0       0       0       0       0       0       0       0       0       0       0       0       0       0       0       0       0
      Totals:         3       0       0       0       0       0       0       0       0       0       0       0       0       0       0       0       0       0       0       0
Total ram usage:        3 bytes
 Hardware stack levels used:    1
 Hardware stack levels required when called:    1
 This function calls:
		Nothing
 This function is called by:
		_main
 This function uses a non-reentrant model


 *************** function _init_current_sink *****************
 Defined at:
		line 3582 in file "newmain1.c"
 Parameters:    Size  Location     Type
		None
 Auto vars:     Size  Location     Type
		None
 Return value:  Size  Location     Type
		None               void
 Registers used:
		wreg, status,2
 Tracked objects:
		On entry : 
		On exit  : 
		Unchanged: 
 Data sizes:     COMMON   BANK0   BANK1   BANK2   BANK3   BANK4   BANK5   BANK6   BANK7   BANK8   BANK9  BANK10  BANK11  BANK12  BANK13  BANK14  BANK15  BANK16  BANK17  BANK18
      Params:         0       0       0       0       0       0       0       0       0       0       0       0       0       0       0       0       0       0       0       0
      Locals:         0       0       0       0       0       0       0       0       0       0       0       0       0       0       0       0       0       0       0       0
      Temps:          0       0       0       0       0       0       0       0       0       0       0       0       0       0       0       0       0       0       0       0
      Totals:         0       0       0       0       0       0       0       0       0       0       0       0       0       0       0       0       0       0       0       0
Total ram usage:        0 bytes
 Hardware stack levels used:    1
 Hardware stack levels required when called:    1
 This function calls:
		Nothing
 This function is called by:
		_main
 This function uses a non-reentrant model


 *************** function _init_ADC *****************
 Defined at:
		line 3517 in file "newmain1.c"
 Parameters:    Size  Location     Type
		None
 Auto vars:     Size  Location     Type
		None
 Return value:  Size  Location     Type
		None               void
 Registers used:
		wreg, status,2
 Tracked objects:
		On entry : 
		On exit  : 
		Unchanged: 
 Data sizes:     COMMON   BANK0   BANK1   BANK2   BANK3   BANK4   BANK5   BANK6   BANK7   BANK8   BANK9  BANK10  BANK11  BANK12  BANK13  BANK14  BANK15  BANK16  BANK17  BANK18
      Params:         0       0       0       0       0       0       0       0       0       0       0       0       0       0       0       0       0       0       0       0
      Locals:         0       0       0       0       0       0       0       0       0       0       0       0       0       0       0       0       0       0       0       0
      Temps:          0       0       0       0       0       0       0       0       0       0       0       0       0       0       0       0       0       0       0       0
      Totals:         0       0       0       0       0       0       0       0       0       0       0       0       0       0       0       0       0       0       0       0
Total ram usage:        0 bytes
 Hardware stack levels used:    1
 Hardware stack levels required when called:    1
 This function calls:
		Nothing
 This function is called by:
		_main
 This function uses a non-reentrant model


 *************** function _get_current *****************
 Defined at:
		line 3648 in file "newmain1.c"
 Parameters:    Size  Location     Type
		None
 Auto vars:     Size  Location     Type
  temp            2   27[BANK0 ] unsigned int 
 Return value:  Size  Location     Type
                  2   25[BANK0 ] unsigned int 
 Registers used:
		wreg, status,2, status,0, pclath, cstack
 Tracked objects:
		On entry : 
		On exit  : 
		Unchanged: 
 Data sizes:     COMMON   BANK0   BANK1   BANK2   BANK3   BANK4   BANK5   BANK6   BANK7   BANK8   BANK9  BANK10  BANK11  BANK12  BANK13  BANK14  BANK15  BANK16  BANK17  BANK18
      Params:         0       2       0       0       0       0       0       0       0       0       0       0       0       0       0       0       0       0       0       0
      Locals:         0       2       0       0       0       0       0       0       0       0       0       0       0       0       0       0       0       0       0       0
      Temps:          0       0       0       0       0       0       0       0       0       0       0       0       0       0       0       0       0       0       0       0
      Totals:         0       4       0       0       0       0       0       0       0       0       0       0       0       0       0       0       0       0       0       0
Total ram usage:        4 bytes
 Hardware stack levels used:    1
 Hardware stack levels required when called:    3
 This function calls:
		_ADC_get_val
		___ftmul
		___fttol
		___lwtoft
 This function is called by:
		_main
 This function uses a non-reentrant model


 *************** function ___lwtoft *****************
 Defined at:
		line 28 in file "C:\Program Files (x86)\Microchip\xc8\v1.35\sources\common\lwtoft.c"
 Parameters:    Size  Location     Type
  c               2    8[COMMON] unsigned int 
 Auto vars:     Size  Location     Type
		None
 Return value:  Size  Location     Type
                  3    8[COMMON] float 
 Registers used:
		wreg, status,2, status,0, pclath, cstack
 Tracked objects:
		On entry : 
		On exit  : 
		Unchanged: 
 Data sizes:     COMMON   BANK0   BANK1   BANK2   BANK3   BANK4   BANK5   BANK6   BANK7   BANK8   BANK9  BANK10  BANK11  BANK12  BANK13  BANK14  BANK15  BANK16  BANK17  BANK18
      Params:         3       0       0       0       0       0       0       0       0       0       0       0       0       0       0       0       0       0       0       0
      Locals:         0       0       0       0       0       0       0       0       0       0       0       0       0       0       0       0       0       0       0       0
      Temps:          0       0       0       0       0       0       0       0       0       0       0       0       0       0       0       0       0       0       0       0
      Totals:         3       0       0       0       0       0       0       0       0       0       0       0       0       0       0       0       0       0       0       0
Total ram usage:        3 bytes
 Hardware stack levels used:    1
 Hardware stack levels required when called:    2
 This function calls:
		___ftpack
 This function is called by:
		_get_current
 This function uses a non-reentrant model


 *************** function ___fttol *****************
 Defined at:
		line 44 in file "C:\Program Files (x86)\Microchip\xc8\v1.35\sources\common\fttol.c"
 Parameters:    Size  Location     Type
  f1              3   12[BANK0 ] float 
 Auto vars:     Size  Location     Type
  lval            4   20[BANK0 ] unsigned long 
  exp1            1   24[BANK0 ] unsigned char 
  sign1           1   19[BANK0 ] unsigned char 
 Return value:  Size  Location     Type
                  4   12[BANK0 ] long 
 Registers used:
		wreg, status,2, status,0
 Tracked objects:
		On entry : 
		On exit  : 
		Unchanged: 
 Data sizes:     COMMON   BANK0   BANK1   BANK2   BANK3   BANK4   BANK5   BANK6   BANK7   BANK8   BANK9  BANK10  BANK11  BANK12  BANK13  BANK14  BANK15  BANK16  BANK17  BANK18
      Params:         0       4       0       0       0       0       0       0       0       0       0       0       0       0       0       0       0       0       0       0
      Locals:         0       6       0       0       0       0       0       0       0       0       0       0       0       0       0       0       0       0       0       0
      Temps:          0       3       0       0       0       0       0       0       0       0       0       0       0       0       0       0       0       0       0       0
      Totals:         0      13       0       0       0       0       0       0       0       0       0       0       0       0       0       0       0       0       0       0
Total ram usage:       13 bytes
 Hardware stack levels used:    1
 Hardware stack levels required when called:    1
 This function calls:
		Nothing
 This function is called by:
		_get_current
 This function uses a non-reentrant model


 *************** function ___ftmul *****************
 Defined at:
		line 62 in file "C:\Program Files (x86)\Microchip\xc8\v1.35\sources\common\ftmul.c"
 Parameters:    Size  Location     Type
  f1              3    0[BANK0 ] float 
  f2              3    3[BANK0 ] float 
 Auto vars:     Size  Location     Type
  f3_as_produc    3    7[BANK0 ] unsigned um
  sign            1   11[BANK0 ] unsigned char 
  cntr            1   10[BANK0 ] unsigned char 
  exp             1    6[BANK0 ] unsigned char 
 Return value:  Size  Location     Type
                  3    0[BANK0 ] float 
 Registers used:
		wreg, status,2, status,0, pclath, cstack
 Tracked objects:
		On entry : 
		On exit  : 
		Unchanged: 
 Data sizes:     COMMON   BANK0   BANK1   BANK2   BANK3   BANK4   BANK5   BANK6   BANK7   BANK8   BANK9  BANK10  BANK11  BANK12  BANK13  BANK14  BANK15  BANK16  BANK17  BANK18
      Params:         0       6       0       0       0       0       0       0       0       0       0       0       0       0       0       0       0       0       0       0
      Locals:         0       6       0       0       0       0       0       0       0       0       0       0       0       0       0       0       0       0       0       0
      Temps:          3       0       0       0       0       0       0       0       0       0       0       0       0       0       0       0       0       0       0       0
      Totals:         3      12       0       0       0       0       0       0       0       0       0       0       0       0       0       0       0       0       0       0
Total ram usage:       15 bytes
 Hardware stack levels used:    1
 Hardware stack levels required when called:    2
 This function calls:
		___ftpack
 This function is called by:
		_get_current
 This function uses a non-reentrant model


 *************** function ___ftpack *****************
 Defined at:
		line 62 in file "C:\Program Files (x86)\Microchip\xc8\v1.35\sources\common\float.c"
 Parameters:    Size  Location     Type
  arg             3    0[COMMON] unsigned um
  exp             1    3[COMMON] unsigned char 
  sign            1    4[COMMON] unsigned char 
 Auto vars:     Size  Location     Type
		None
 Return value:  Size  Location     Type
                  3    0[COMMON] float 
 Registers used:
		wreg, status,2, status,0
 Tracked objects:
		On entry : 
		On exit  : 
		Unchanged: 
 Data sizes:     COMMON   BANK0   BANK1   BANK2   BANK3   BANK4   BANK5   BANK6   BANK7   BANK8   BANK9  BANK10  BANK11  BANK12  BANK13  BANK14  BANK15  BANK16  BANK17  BANK18
      Params:         5       0       0       0       0       0       0       0       0       0       0       0       0       0       0       0       0       0       0       0
      Locals:         0       0       0       0       0       0       0       0       0       0       0       0       0       0       0       0       0       0       0       0
      Temps:          3       0       0       0       0       0       0       0       0       0       0       0       0       0       0       0       0       0       0       0
      Totals:         8       0       0       0       0       0       0       0       0       0       0       0       0       0       0       0       0       0       0       0
Total ram usage:        8 bytes
 Hardware stack levels used:    1
 Hardware stack levels required when called:    1
 This function calls:
		Nothing
 This function is called by:
		___ftmul
		___lwtoft
 This function uses a non-reentrant model


 *************** function _ADC_get_val *****************
 Defined at:
		line 3543 in file "newmain1.c"
 Parameters:    Size  Location     Type
  channel         1    wreg     unsigned char 
 Auto vars:     Size  Location     Type
  channel         1    4[COMMON] unsigned char 
  return_val      2    5[COMMON] unsigned int 
 Return value:  Size  Location     Type
                  2    0[COMMON] unsigned int 
 Registers used:
		wreg
 Tracked objects:
		On entry : 
		On exit  : 
		Unchanged: 
 Data sizes:     COMMON   BANK0   BANK1   BANK2   BANK3   BANK4   BANK5   BANK6   BANK7   BANK8   BANK9  BANK10  BANK11  BANK12  BANK13  BANK14  BANK15  BANK16  BANK17  BANK18
      Params:         2       0       0       0       0       0       0       0       0       0       0       0       0       0       0       0       0       0       0       0
      Locals:         3       0       0       0       0       0       0       0       0       0       0       0       0       0       0       0       0       0       0       0
      Temps:          2       0       0       0       0       0       0       0       0       0       0       0       0       0       0       0       0       0       0       0
      Totals:         7       0       0       0       0       0       0       0       0       0       0       0       0       0       0       0       0       0       0       0
Total ram usage:        7 bytes
 Hardware stack levels used:    1
 Hardware stack levels required when called:    1
 This function calls:
		Nothing
 This function is called by:
		_main
		_get_current
 This function uses a non-reentrant model


 *************** function _isr *****************
 Defined at:
		line 937 in file "newmain1.c"
 Parameters:    Size  Location     Type
		None
 Auto vars:     Size  Location     Type
		None
 Return value:  Size  Location     Type
		None               void
 Registers used:
		wreg, fsr0l, fsr0h, status,2, status,0
 Tracked objects:
		On entry : 
		On exit  : 
		Unchanged: 
 Data sizes:     COMMON   BANK0   BANK1   BANK2   BANK3   BANK4   BANK5   BANK6   BANK7   BANK8   BANK9  BANK10  BANK11  BANK12  BANK13  BANK14  BANK15  BANK16  BANK17  BANK18
      Params:         0       0       0       0       0       0       0       0       0       0       0       0       0       0       0       0       0       0       0       0
      Locals:         0       0       0       0       0       0       0       0       0       0       0       0       0       0       0       0       0       0       0       0
      Temps:          0       0       0       0       0       0       0       0       0       0       0       0       0       0       0       0       0       0       0       0
      Totals:         0       0       0       0       0       0       0       0       0       0       0       0       0       0       0       0       0       0       0       0
Total ram usage:        0 bytes
 Hardware stack levels used:    1
 This function calls:
		Nothing
 This function is called by:
		Interrupt level 1
 This function uses a non-reentrant model



MODULE INFORMATION

Module		Function		Class		Link	Load	Size
C:\Program Files (x86)\Microchip\xc8\v1.35\sources\common\lwtoft.c
		___lwtoft      		CODE           	050D	0000	17

C:\Program Files (x86)\Microchip\xc8\v1.35\sources\common\lwtoft.c estimated size: 17

C:\Program Files (x86)\Microchip\xc8\v1.35\sources\common\float.c
		___ftpack      		CODE           	051D	0000	63

C:\Program Files (x86)\Microchip\xc8\v1.35\sources\common\float.c estimated size: 63

shared
		__initialization		CODE           	00B9	0000	13

shared estimated size: 13

C:\Program Files (x86)\Microchip\xc8\v1.35\sources\common\ftmul.c
		___ftmul       		CODE           	04A3	0000	107

C:\Program Files (x86)\Microchip\xc8\v1.35\sources\common\ftmul.c estimated size: 107

C:\Program Files (x86)\Microchip\xc8\v1.35\sources\common\Umul16.c
		___wmul        		CODE           	03E8	0000	22

C:\Program Files (x86)\Microchip\xc8\v1.35\sources\common\Umul16.c estimated size: 22

newmain1.c
		_power_supply_set		CODE           	042B	0000	48
		_i2c_first_line		CODE           	0287	0000	18
		_send_usart_packet_manage		CODE           	0836	0000	48
		_i2c_Write     		CODE           	0300	0000	13
		_get_current   		CODE           	045A	0000	45
		_i2c_Stop      		CODE           	0311	0000	6
		_i2c_Write_string		CODE           	02AD	0000	28
		_init_current_sink		CODE           	080A	0000	22
		_main          		CODE           	1778	0000	3056
		_debug_fast_tx 		CODE           	03FE	0000	46
		_receive_data_bytes		CODE           	00C9	0000	160
		_manage_read_byte		CODE           	0168	0000	26
		_init_uart1    		CODE           	142B	0000	12
		_init_uart2    		CODE           	1420	0000	12
		_init_i2c_lcd_5v		CODE           	02C8	0000	57
		_lcd_set_cursor		CODE           	0181	0000	25
		_print_screen  		CODE           	021A	0000	18
		_init_ADC      		CODE           	1436	0000	12
		_isr           		CODE           	0004	0000	180
		_ADC_get_val   		CODE           	0486	0000	30
		_buzz_one      		CODE           	03FD	0000	2
		_i2c_Start     		CODE           	030C	0000	6
		_ten_thou_conv 		CODE           	0316	0000	176
		_EUSART1_Write 		CODE           	0865	0000	8
		_lcd_print_int 		CODE           	0199	0000	117
		_clear_lcd     		CODE           	0298	0000	22
		_print_error   		CODE           	023C	0000	76
		_i2c_second_line		CODE           	022B	0000	18
		_i2c_write_char		CODE           	020D	0000	14
		_init_i2c      		CODE           	081F	0000	24

newmain1.c estimated size: 4325

C:\Program Files (x86)\Microchip\xc8\v1.35\sources\common\Umul8.c
		___bmul        		CODE           	03C5	0000	36

C:\Program Files (x86)\Microchip\xc8\v1.35\sources\common\Umul8.c estimated size: 36

C:\Program Files (x86)\Microchip\xc8\v1.35\sources\common\fttol.c
		___fttol       		CODE           	055B	0000	94

C:\Program Files (x86)\Microchip\xc8\v1.35\sources\common\fttol.c estimated size: 94

