Microchip MPLAB XC8 Compiler V1.35 ()

Linker command line:

-W-3 --edf=C:\Program Files (x86)\Microchip\xc8\v1.35\dat\en_msgs.txt -cs \
  -h+dist/default/production\DCBA_Roll-up_v7.X.production.sym \
  --cmf=dist/default/production\DCBA_Roll-up_v7.X.production.cmf -z \
  -Q16F1527 -oC:\Users\ZARARO~1\AppData\Local\Temp\sg9s.2 \
  -Mdist/default/production/DCBA_Roll-up_v7.X.production.map -E1 -ver=XC8 \
  -ASTACK=020B8h-025efh -pstack=STACK -ACODE=00h-07FFhx8 \
  -ASTRCODE=00h-03FFFh -ASTRING=00h-0FFhx64 -ACONST=00h-0FFhx64 \
  -AENTRY=00h-0FFhx64 -ACOMMON=070h-07Fh -ABANK0=020h-06Fh \
  -ABANK1=0A0h-0EFh -ABANK2=0120h-016Fh -ABANK3=01A0h-01EFh \
  -ABANK4=0220h-026Fh -ABANK5=02A0h-02EFh -ABANK6=0320h-036Fh \
  -ABANK7=03A0h-03EFh -ABANK8=0420h-046Fh -ABANK9=04A0h-04EFh \
  -ABANK10=0520h-056Fh -ABANK11=05A0h-05EFh -ABANK12=0620h-066Fh \
  -ABANK13=06A0h-06EFh -ABANK14=0720h-076Fh -ABANK15=07A0h-07EFh \
  -ABANK16=0820h-086Fh -ABANK17=08A0h-08EFh -ABANK18=0920h-096Fh \
  -ABIGRAM=02000h-025EFh \
  -ARAM=020h-06Fh,0A0h-0EFh,0120h-016Fh,01A0h-01EFh,0220h-026Fh,02A0h-02EFh,0320h-036Fh,03A0h-03EFh,0420h-046Fh,04A0h-04EFh,0520h-056Fh,05A0h-05EFh,0620h-066Fh,06A0h-06EFh,0720h-076Fh,07A0h-07EFh,0820h-086Fh,08A0h-08EFh,0920h-096Fh \
  -AABS1=020h-07Fh,0A0h-0EFh,0120h-016Fh,01A0h-01EFh,0220h-026Fh,02A0h-02EFh,0320h-036Fh,03A0h-03EFh,0420h-046Fh,04A0h-04EFh,0520h-056Fh,05A0h-05EFh,0620h-066Fh,06A0h-06EFh,0720h-076Fh,07A0h-07EFh,0820h-086Fh,08A0h-08EFh,0920h-096Fh \
  -ASFR0=00h-01Fh -ASFR1=080h-09Fh -ASFR2=0100h-011Fh -ASFR3=0180h-019Fh \
  -ASFR4=0200h-021Fh -ASFR5=0280h-029Fh -ASFR6=0300h-031Fh \
  -ASFR7=0380h-039Fh -ASFR8=0400h-041Fh -ASFR9=0480h-049Fh \
  -ASFR10=0500h-051Fh -ASFR11=0580h-059Fh -ASFR12=0600h-061Fh \
  -ASFR13=0680h-069Fh -ASFR14=0700h-071Fh -ASFR15=0780h-079Fh \
  -ASFR16=0800h-081Fh -ASFR17=0880h-089Fh -ASFR18=0900h-091Fh \
  -ASFR19=0980h-09EFh -ASFR20=0A00h-0A6Fh -ASFR21=0A80h-0AEFh \
  -ASFR22=0B00h-0B6Fh -ASFR23=0B80h-0BEFh -ASFR24=0C00h-0C6Fh \
  -ASFR25=0C80h-0CEFh -ASFR26=0D00h-0D6Fh -ASFR27=0D80h-0DEFh \
  -ASFR28=0E00h-0E6Fh -ASFR29=0E80h-0EEFh -ASFR30=0F00h-0F6Fh \
  -ASFR31=0F80h-0FEFh -preset_vec=00h,intentry=04h,init,end_init \
  -ppowerup=CODE -pcinit=CODE -pfunctab=CODE -ACONFIG=08007h-08008h \
  -pconfig=CONFIG -DCONFIG=2 -AIDLOC=08000h-08003h -pidloc=IDLOC -DIDLOC=2 \
  -DCODE=2 -DSTRCODE=2 -DSTRING=2 -DCONST=2 -DENTRY=2 -k \
  C:\Users\ZARARO~1\AppData\Local\Temp\sg9s.obj \
  dist/default/production\DCBA_Roll-up_v7.X.production.obj 

Object code version is 3.11

Machine type is 16F1527



                Name                               Link     Load   Length Selector   Space Scale
C:\Users\ZARARO~1\AppData\Local\Temp\sg9s.obj
                end_init                             C8       C8        2        8       0
                reset_vec                             0        0        2        0       0
                config                             8007     8007        2    1000E       0
dist/default/production\DCBA_Roll-up_v7.X.production.obj
                cinit                                CA       CA       39        8       0
                intentry                              4        4       C4        8       0
                maintext_split_8                    830      830      7D0     1060       0
                maintext_split_7                   16F6     16F6       85     2DEC       0
                maintext_split_6                   177B     177B       85     2EF6       0
                maintext_split_5                    6EC      6EC       87        8       0
                maintext_split_4                    4C9      4C9       8D        8       0
                maintext_split_3                    439      439       90        8       0
                maintext_split_2                    665      665       87        8       0
                maintext_split_1                    3A2      3A2       97        8       0
                swtext3                            1812     1812        E     3000       0
                text36                             1F2F     1F2F        5     3E5E       0
                text35                             1F34     1F34        5     3E68       0
                text34                             1F60     1F60        D     3EC0       0
                text33                             1424     1424       1D     2848       0
                text32                             168B     168B       6B     2D16       0
                text31                             1408     1408       1C     2810       0
                text30                             1627     1627       64     2C4E       0
                text29                              2EE      2EE       B4        8       0
                text28                              5DE      5DE       87        8       0
                text27                             1F91     1F91       15     3F22       0
                text26                             14A7     14A7       33     294E       0
                text25                             1F3F     1F3F        B     3E7E       0
                text24                             1FA6     1FA6       15     3F4C       0
                text23                             13A2     13A2       18     2744       0
                text22                             1589     1589       48     2B12       0
                text21                             1F4A     1F4A        B     3E94       0
                text20                             1F55     1F55        B     3EAA       0
                text19                             1F7E     1F7E       13     3EFC       0
                text18                             1482     1482       25     2904       0
                text17                             1F6D     1F6D       11     3EDA       0
                text16                             13D2     13D2       1B     27A4       0
                text15                              103      103      11A        8       0
                text14                              773      773       85        8       0
                text13                             1441     1441       1F     2882       0
                text12                              7FF      7FF        1        8       0
                text11                             150D     150D       3C     2A1A       0
                swtext2                            1820     1820        A     3000       0
                text10                             14DA     14DA       33     29B4       0
                text9                              13ED     13ED       1B     27DA       0
                text8                              1460     1460       22     28C0       0
                text7                              1FBB     1FBB       17     3F76       0
                text6                              1FD2     1FD2       17     3FA4       0
                text5                              1FE9     1FE9       17     3FD2       0
                text4                              15D1     15D1       56     2BA2       0
                swtext1                            1800     1800       12     3000       0
                text3                               21D      21D       D1        8       0
                text2                               7F8      7F8        7        8       0
                text1                              1549     1549       40     2A92       0
                maintext                            556      556       88        8       0
                cstackBANK0                          20       20       29       20       1
                cstackCOMMON                         70       70        A       70       1
                inittext                           1F39     1F39        6     3E72       0
                clrtext                             802      802        6     1004       0
                dataBANK2                           120      120       18      120       1
                dataBANK1                            A0       A0       28       A0       1
                bssBANK1                             C8       C8       26       A0       1
                dataBANK0                            6D       6D        3       20       1
                bssBANK0                             49       49       24       20       1
                bssCOMMON                            7B       7B        1       70       1
                bitbssCOMMON                        3D0       7A        1       70       1     8
                stringtext                         1000     1000      3A0     2000       0
                idataBANK2                         13BA     13BA       18     2774       0
                idataBANK1                          808      808       28     1010       0
                idataBANK0                         1F2C     1F2C        3     3E58       0

TOTAL           Name                               Link     Load   Length     Space
        CLASS   STACK          

        CLASS   CODE           
                end_init                             C8       C8        2         0
                cinit                                CA       CA       39         0
                intentry                              4        4       C4         0
                reset_vec                             0        0        2         0
                maintext_split_8                    830      830      7D0         0
                maintext_split_7                   16F6     16F6       85         0
                maintext_split_6                   177B     177B       85         0
                maintext_split_5                    6EC      6EC       87         0
                maintext_split_4                    4C9      4C9       8D         0
                maintext_split_3                    439      439       90         0
                maintext_split_2                    665      665       87         0
                maintext_split_1                    3A2      3A2       97         0
                text36                             1F2F     1F2F        5         0
                text35                             1F34     1F34        5         0
                text34                             1F60     1F60        D         0
                text33                             1424     1424       1D         0
                text32                             168B     168B       6B         0
                text31                             1408     1408       1C         0
                text30                             1627     1627       64         0
                text29                              2EE      2EE       B4         0
                text28                              5DE      5DE       87         0
                text27                             1F91     1F91       15         0
                text26                             14A7     14A7       33         0
                text25                             1F3F     1F3F        B         0
                text24                             1FA6     1FA6       15         0
                text23                             13A2     13A2       18         0
                text22                             1589     1589       48         0
                text21                             1F4A     1F4A        B         0
                text20                             1F55     1F55        B         0
                text19                             1F7E     1F7E       13         0
                text18                             1482     1482       25         0
                text17                             1F6D     1F6D       11         0
                text16                             13D2     13D2       1B         0
                text15                              103      103      11A         0
                text14                              773      773       85         0
                text13                             1441     1441       1F         0
                text12                              7FF      7FF        1         0
                text11                             150D     150D       3C         0
                text10                             14DA     14DA       33         0
                text9                              13ED     13ED       1B         0
                text8                              1460     1460       22         0
                text7                              1FBB     1FBB       17         0
                text6                              1FD2     1FD2       17         0
                text5                              1FE9     1FE9       17         0
                text4                              15D1     15D1       56         0
                text3                               21D      21D       D1         0
                text2                               7F8      7F8        7         0
                text1                              1549     1549       40         0
                maintext                            556      556       88         0
                inittext                           1F39     1F39        6         0
                clrtext                             802      802        6         0
                idataBANK2                         13BA     13BA       18         0
                idataBANK1                          808      808       28         0
                idataBANK0                         1F2C     1F2C        3         0

        CLASS   STRCODE        
                stringtext                         1000     1000      3A0         0

        CLASS   STRING         

        CLASS   CONST          
                swtext3                            1812     1812        E         0
                swtext2                            1820     1820        A         0
                swtext1                            1800     1800       12         0

        CLASS   ENTRY          

        CLASS   COMMON         
                cstackCOMMON                         70       70        A         1
                bssCOMMON                            7B       7B        1         1
                bitbssCOMMON                        3D0       7A        1         1

        CLASS   BANK0          
                cstackBANK0                          20       20       29         1
                dataBANK0                            6D       6D        3         1
                bssBANK0                             49       49       24         1

        CLASS   BANK1          
                dataBANK1                            A0       A0       28         1
                bssBANK1                             C8       C8       26         1

        CLASS   BANK2          
                dataBANK2                           120      120       18         1

        CLASS   BANK3          

        CLASS   BANK4          

        CLASS   BANK5          

        CLASS   BANK6          

        CLASS   BANK7          

        CLASS   BANK8          

        CLASS   BANK9          

        CLASS   BANK10         

        CLASS   BANK11         

        CLASS   BANK12         

        CLASS   BANK13         

        CLASS   BANK14         

        CLASS   BANK15         

        CLASS   BANK16         

        CLASS   BANK17         

        CLASS   BANK18         

        CLASS   BIGRAM         

        CLASS   RAM            

        CLASS   ABS1           
                abs_s1                               7E       7E        2         1

        CLASS   SFR0           

        CLASS   SFR1           

        CLASS   SFR2           

        CLASS   SFR3           

        CLASS   SFR4           

        CLASS   SFR5           

        CLASS   SFR6           

        CLASS   SFR7           

        CLASS   SFR8           

        CLASS   SFR9           

        CLASS   SFR10          

        CLASS   SFR11          

        CLASS   SFR12          

        CLASS   SFR13          

        CLASS   SFR14          

        CLASS   SFR15          

        CLASS   SFR16          

        CLASS   SFR17          

        CLASS   SFR18          

        CLASS   SFR19          

        CLASS   SFR20          

        CLASS   SFR21          

        CLASS   SFR22          

        CLASS   SFR23          

        CLASS   SFR24          

        CLASS   SFR25          

        CLASS   SFR26          

        CLASS   SFR27          

        CLASS   SFR28          

        CLASS   SFR29          

        CLASS   SFR30          

        CLASS   SFR31          

        CLASS   CONFIG         
                config                             8007     8007        2         0

        CLASS   IDLOC          

        CLASS   BANK31         

        CLASS   BANK30         

        CLASS   BANK29         

        CLASS   BANK28         

        CLASS   BANK27         

        CLASS   BANK26         

        CLASS   BANK25         

        CLASS   BANK24         

        CLASS   BANK23         

        CLASS   BANK22         

        CLASS   BANK21         

        CLASS   BANK20         

        CLASS   BANK19         

        CLASS   EEDATA         



SEGMENTS        Name                           Load    Length   Top    Selector   Space  Class     Delta

                reset_vec                      000000  000002  000002         0       0  CODE        2
                intentry                       000004  0007FC  000800         8       0  CODE        2
                cstackBANK0                    000020  000050  000070        20       1  BANK0       1
                cstackCOMMON                   000070  00000C  00007C        70       1  COMMON      1
                dataBANK1                      0000A0  00004E  0000EE        A0       1  BANK1       1
                dataBANK2                      000120  000018  000138       120       1  BANK2       1
                clrtext                        000802  000006  000808      1004       0  CODE        2
                idataBANK1                     000808  000028  000830      1010       0  CODE        2
                maintext_split_8               000830  0007D0  001000      1060       0  CODE        2
                stringtext                     001000  0003A0  0013A0      2000       0  STRCODE     2
                text23                         0013A2  000018  0013BA      2744       0  CODE        2
                idataBANK2                     0013BA  000018  0013D2      2774       0  CODE        2
                text16                         0013D2  00001B  0013ED      27A4       0  CODE        2
                text9                          0013ED  00001B  001408      27DA       0  CODE        2
                text31                         001408  00001C  001424      2810       0  CODE        2
                text33                         001424  00001D  001441      2848       0  CODE        2
                text13                         001441  00001F  001460      2882       0  CODE        2
                text8                          001460  000022  001482      28C0       0  CODE        2
                text18                         001482  000025  0014A7      2904       0  CODE        2
                text26                         0014A7  000033  0014DA      294E       0  CODE        2
                text10                         0014DA  000033  00150D      29B4       0  CODE        2
                text11                         00150D  00003C  001549      2A1A       0  CODE        2
                text1                          001549  000040  001589      2A92       0  CODE        2
                text22                         001589  000048  0015D1      2B12       0  CODE        2
                text4                          0015D1  000056  001627      2BA2       0  CODE        2
                text30                         001627  000064  00168B      2C4E       0  CODE        2
                text32                         00168B  00006B  0016F6      2D16       0  CODE        2
                maintext_split_7               0016F6  000085  00177B      2DEC       0  CODE        2
                maintext_split_6               00177B  000085  001800      2EF6       0  CODE        2
                swtext1                        001800  00002A  00182A      3000       0  CONST       2
                idataBANK0                     001F2C  000003  001F2F      3E58       0  CODE        2
                text36                         001F2F  000005  001F34      3E5E       0  CODE        2
                text35                         001F34  000005  001F39      3E68       0  CODE        2
                inittext                       001F39  000006  001F3F      3E72       0  CODE        2
                text25                         001F3F  00000B  001F4A      3E7E       0  CODE        2
                text21                         001F4A  00000B  001F55      3E94       0  CODE        2
                text20                         001F55  00000B  001F60      3EAA       0  CODE        2
                text34                         001F60  00000D  001F6D      3EC0       0  CODE        2
                text17                         001F6D  000011  001F7E      3EDA       0  CODE        2
                text19                         001F7E  000013  001F91      3EFC       0  CODE        2
                text27                         001F91  000015  001FA6      3F22       0  CODE        2
                text24                         001FA6  000015  001FBB      3F4C       0  CODE        2
                text7                          001FBB  000017  001FD2      3F76       0  CODE        2
                text6                          001FD2  000017  001FE9      3FA4       0  CODE        2
                text5                          001FE9  000017  002000      3FD2       0  CODE        2
                config                         008007  000002  008009     1000E       0  CONFIG      2


UNUSED ADDRESS RANGES

        Name                Unused          Largest block    Delta
        BANK1            0000EE-0000EF                2           1
        BANK10           000520-00056F               50           1
        BANK11           0005A0-0005EF               50           1
        BANK12           000620-00066F               50           1
        BANK13           0006A0-0006EF               50           1
        BANK14           000720-00076F               50           1
        BANK15           0007A0-0007EF               50           1
        BANK16           000820-00086F               50           1
        BANK17           0008A0-0008EF               50           1
        BANK18           000920-00096F               50           1
        BANK2            000138-00016F               38           1
        BANK3            0001A0-0001EF               50           1
        BANK4            000220-00026F               50           1
        BANK5            0002A0-0002EF               50           1
        BANK6            000320-00036F               50           1
        BANK7            0003A0-0003EF               50           1
        BANK8            000420-00046F               50           1
        BANK9            0004A0-0004EF               50           1
        BIGRAM           002000-0025EF              5F0           1
        CODE             000002-000003                2           2
                         000800-000801                2
                         0013A0-0013A1                2
                         00182A-001F2B              702
                         002000-003FFF              800
        COMMON           00007C-00007D                2           1
        CONST            000002-000003                2           2
                         000800-000801                2
                         0013A0-0013A1                2
                         00182A-001F2B              100
                         002000-003FFF              100
        ENTRY            000002-000003                2           2
                         000800-000801                2
                         0013A0-0013A1                2
                         00182A-001F2B              100
                         002000-003FFF              100
        IDLOC            008000-008003                4           2
        RAM              0000EE-0000EF                2           1
                         000138-00016F               38
                         0001A0-0001EF               50
                         000220-00026F               50
                         0002A0-0002EF               50
                         000320-00036F               50
                         0003A0-0003EF               50
                         000420-00046F               50
                         0004A0-0004EF               50
                         000520-00056F               50
                         0005A0-0005EF               50
                         000620-00066F               50
                         0006A0-0006EF               50
                         000720-00076F               50
                         0007A0-0007EF               50
                         000820-00086F               50
                         0008A0-0008EF               50
                         000920-00096F               50
        SFR0             000000-00001F               20           1
        SFR1             000080-00009F               20           1
        SFR10            000500-00051F               20           1
        SFR11            000580-00059F               20           1
        SFR12            000600-00061F               20           1
        SFR13            000680-00069F               20           1
        SFR14            000700-00071F               20           1
        SFR15            000780-00079F               20           1
        SFR16            000800-00081F               20           1
        SFR17            000880-00089F               20           1
        SFR18            000900-00091F               20           1
        SFR19            000980-0009EF               70           1
        SFR2             000100-00011F               20           1
        SFR20            000A00-000A6F               70           1
        SFR21            000A80-000AEF               70           1
        SFR22            000B00-000B6F               70           1
        SFR23            000B80-000BEF               70           1
        SFR24            000C00-000C6F               70           1
        SFR25            000C80-000CEF               70           1
        SFR26            000D00-000D6F               70           1
        SFR27            000D80-000DEF               70           1
        SFR28            000E00-000E6F               70           1
        SFR29            000E80-000EEF               70           1
        SFR3             000180-00019F               20           1
        SFR30            000F00-000F6F               70           1
        SFR31            000F80-000FEF               70           1
        SFR4             000200-00021F               20           1
        SFR5             000280-00029F               20           1
        SFR6             000300-00031F               20           1
        SFR7             000380-00039F               20           1
        SFR8             000400-00041F               20           1
        SFR9             000480-00049F               20           1
        STACK            0020B8-0025EF              538           1
        STRCODE          000002-000003                2           2
                         000800-000801                2
                         0013A0-0013A1                2
                         00182A-001F2B              702
                         002000-003FFF             2000
        STRING           000002-000003                2           2
                         000800-000801                2
                         0013A0-0013A1                2
                         00182A-001F2B              100
                         002000-003FFF              100

                                  Symbol Table

?_ADC_get_val                                 cstackCOMMON     000072
?___ftmul                                     cstackBANK0      000024
?___ftpack                                    cstackCOMMON     000072
?___fttol                                     cstackBANK0      000034
?___lwtoft                                    cstackBANK0      000020
?___wmul                                      cstackCOMMON     000072
?_get_current                                 cstackBANK0      000042
?_receive_data_bytes                          cstackBANK0      000027
ADC_get_val@channel                           cstackCOMMON     000078
ADC_get_val@return_val                        cstackCOMMON     000076
EUSART1_Write@txData                          cstackCOMMON     000072
Vout_set@Volts                                cstackCOMMON     000076
Vout_set@digi_step                            cstackBANK0      000020
_ADCON0                                       (abs)            00009D
_ADCON0bits                                   (abs)            00009D
_ADCON1                                       (abs)            00009E
_ADC_cur_sink_val                             bssBANK1         0000D0
_ADC_get_val                                  text31           001408
_ADC_val                                      bssBANK0         000049
_ADRESH                                       (abs)            00009C
_ADRESL                                       (abs)            00009B
_ANSELA                                       (abs)            00018C
_ANSELB                                       (abs)            00018D
_ANSELD                                       (abs)            00018F
_ANSELE                                       (abs)            000190
_ANSELF                                       (abs)            00040C
_ANSELG                                       (abs)            00040D
_BAUD1CON                                     (abs)            00019F
_BAUD2CON                                     (abs)            000497
_CCP9CON                                      (abs)            00061C
_CCPR9L                                       (abs)            00061A
_CCPTMRS2                                     (abs)            00029F
_Data_Temp_Work_int                           bssBANK0         00004B
_EUSART1_Write                                text2            0007F8
_FVRCON                                       (abs)            000117
_GIE                                          (abs)            00005F
_INTCONbits                                   (abs)            00000B
_LATA6                                        (abs)            000866
_LATB4                                        (abs)            00086C
_LATB5                                        (abs)            00086D
_LATB6                                        (abs)            00086E
_LATC2                                        (abs)            000872
_LATC5                                        (abs)            000875
_LATC6                                        (abs)            000876
_LATC7                                        (abs)            000877
_LATD2                                        (abs)            00087A
_LATD4                                        (abs)            00087C
_LATD5                                        (abs)            00087D
_LATD6                                        (abs)            00087E
_LATD7                                        (abs)            00087F
_LATF4                                        (abs)            001C64
_LATF7                                        (abs)            001C67
_LATG0                                        (abs)            001C68
_LATG3                                        (abs)            001C6B
_LATG4                                        (abs)            001C6C
_OPTION_REG                                   (abs)            000095
_OSCCON                                       (abs)            000099
_PIE1bits                                     (abs)            000091
_PIR1bits                                     (abs)            000011
_PORTA                                        (abs)            00000C
_PORTB                                        (abs)            00000D
_PORTC                                        (abs)            00000E
_PORTD                                        (abs)            00000F
_PORTE                                        (abs)            000010
_PORTF                                        (abs)            00028C
_PORTG                                        (abs)            00028D
_PR2                                          (abs)            00001B
_PR8                                          (abs)            000596
_RA0                                          (abs)            000060
_RA1                                          (abs)            000061
_RA4                                          (abs)            000064
_RA5                                          (abs)            000065
_RB0                                          (abs)            000068
_RC1STA                                       (abs)            00019D
_RC2IF                                        (abs)            0000A5
_RC2REG                                       (abs)            000491
_RC2STA                                       (abs)            000495
_RC2STAbits                                   (abs)            000495
_RE0                                          (abs)            000080
_RE7                                          (abs)            000087
_RF2                                          (abs)            001462
_RG3                                          (abs)            00146B
_SP1BRGH                                      (abs)            00019C
_SP1BRGL                                      (abs)            00019B
_SP2BRGH                                      (abs)            000494
_SP2BRGL                                      (abs)            000493
_SSP1ADD                                      (abs)            000212
_SSP1BUF                                      (abs)            000211
_SSP1CON1                                     (abs)            000215
_SSP1CON2                                     (abs)            000216
_SSP1CON2bits                                 (abs)            000216
_SSP1STAT                                     (abs)            000214
_SSP1STATbits                                 (abs)            000214
_T2CON                                        (abs)            00001C
_T8CON                                        (abs)            000597
_TMR0                                         (abs)            000015
_TMR0IE                                       (abs)            00005D
_TMR0IF                                       (abs)            00005A
_TRISA                                        (abs)            00008C
_TRISB                                        (abs)            00008D
_TRISC                                        (abs)            00008E
_TRISC3                                       (abs)            000473
_TRISC4                                       (abs)            000474
_TRISD                                        (abs)            00008F
_TRISE                                        (abs)            000090
_TRISF                                        (abs)            00030C
_TRISG                                        (abs)            00030D
_TRISG0                                       (abs)            001868
_TX1REG                                       (abs)            00019A
_TX1STA                                       (abs)            00019E
_TX1STAbits                                   (abs)            00019E
_TX2REG                                       (abs)            000492
_TX2STA                                       (abs)            000496
_TX2STAbits                                   (abs)            000496
_Vout_set                                     text32           00168B
_WPUB                                         (abs)            00020D
_WPUD                                         (abs)            00020F
_WPUE                                         (abs)            000210
__CFG_BOREN$ON                                (abs)            000000
__CFG_BORV$HI                                 (abs)            000000
__CFG_CLKOUTEN$OFF                            (abs)            000000
__CFG_CP$ON                                   (abs)            000000
__CFG_FCMEN$OFF                               (abs)            000000
__CFG_FOSC$INTOSC                             (abs)            000000
__CFG_IESO$OFF                                (abs)            000000
__CFG_LPBOR$OFF                               (abs)            000000
__CFG_LVP$OFF                                 (abs)            000000
__CFG_MCLRE$ON                                (abs)            000000
__CFG_PWRTE$ON                                (abs)            000000
__CFG_STVREN$ON                               (abs)            000000
__CFG_WDTE$SWDTEN                             (abs)            000000
__CFG_WRT$OFF                                 (abs)            000000
__Habs1                                       abs1             000000
__Hbank0                                      bank0            000000
__Hbank1                                      bank1            000000
__Hbank10                                     bank10           000000
__Hbank11                                     bank11           000000
__Hbank12                                     bank12           000000
__Hbank13                                     bank13           000000
__Hbank14                                     bank14           000000
__Hbank15                                     bank15           000000
__Hbank16                                     bank16           000000
__Hbank17                                     bank17           000000
__Hbank18                                     bank18           000000
__Hbank19                                     bank19           000000
__Hbank2                                      bank2            000000
__Hbank20                                     bank20           000000
__Hbank21                                     bank21           000000
__Hbank22                                     bank22           000000
__Hbank23                                     bank23           000000
__Hbank24                                     bank24           000000
__Hbank25                                     bank25           000000
__Hbank26                                     bank26           000000
__Hbank27                                     bank27           000000
__Hbank28                                     bank28           000000
__Hbank29                                     bank29           000000
__Hbank3                                      bank3            000000
__Hbank30                                     bank30           000000
__Hbank31                                     bank31           000000
__Hbank4                                      bank4            000000
__Hbank5                                      bank5            000000
__Hbank6                                      bank6            000000
__Hbank7                                      bank7            000000
__Hbank8                                      bank8            000000
__Hbank9                                      bank9            000000
__Hbigram                                     bigram           000000
__HbitbssCOMMON                               bitbssCOMMON     000000
__HbssBANK0                                   bssBANK0         000000
__HbssBANK1                                   bssBANK1         000000
__HbssCOMMON                                  bssCOMMON        000000
__Hcinit                                      cinit            000103
__Hclrtext                                    clrtext          000000
__Hcode                                       code             000000
__Hcommon                                     common           000000
__Hconfig                                     config           008009
__HcstackBANK0                                cstackBANK0      000000
__HcstackCOMMON                               cstackCOMMON     000000
__HdataBANK0                                  dataBANK0        000000
__HdataBANK1                                  dataBANK1        000000
__HdataBANK2                                  dataBANK2        000000
__Heeprom_data                                eeprom_data      000000
__Hend_init                                   end_init         0000CA
__Hfunctab                                    functab          000000
__HidataBANK0                                 idataBANK0       000000
__HidataBANK1                                 idataBANK1       000000
__HidataBANK2                                 idataBANK2       000000
__Hidloc                                      idloc            000000
__Hinit                                       init             0000C8
__Hinittext                                   inittext         000000
__Hintentry                                   intentry         0000C8
__Hmaintext                                   maintext         000000
__Hmaintext_split_1                           maintext_split_1 000000
__Hmaintext_split_2                           maintext_split_2 000000
__Hmaintext_split_3                           maintext_split_3 000000
__Hmaintext_split_4                           maintext_split_4 000000
__Hmaintext_split_5                           maintext_split_5 000000
__Hmaintext_split_6                           maintext_split_6 000000
__Hmaintext_split_7                           maintext_split_7 000000
__Hmaintext_split_8                           maintext_split_8 000000
__Hpowerup                                    powerup          000000
__Hram                                        ram              000000
__Hreset_vec                                  reset_vec        000002
__Hsfr0                                       sfr0             000000
__Hsfr1                                       sfr1             000000
__Hsfr10                                      sfr10            000000
__Hsfr11                                      sfr11            000000
__Hsfr12                                      sfr12            000000
__Hsfr13                                      sfr13            000000
__Hsfr14                                      sfr14            000000
__Hsfr15                                      sfr15            000000
__Hsfr16                                      sfr16            000000
__Hsfr17                                      sfr17            000000
__Hsfr18                                      sfr18            000000
__Hsfr19                                      sfr19            000000
__Hsfr2                                       sfr2             000000
__Hsfr20                                      sfr20            000000
__Hsfr21                                      sfr21            000000
__Hsfr22                                      sfr22            000000
__Hsfr23                                      sfr23            000000
__Hsfr24                                      sfr24            000000
__Hsfr25                                      sfr25            000000
__Hsfr26                                      sfr26            000000
__Hsfr27                                      sfr27            000000
__Hsfr28                                      sfr28            000000
__Hsfr29                                      sfr29            000000
__Hsfr3                                       sfr3             000000
__Hsfr30                                      sfr30            000000
__Hsfr31                                      sfr31            000000
__Hsfr4                                       sfr4             000000
__Hsfr5                                       sfr5             000000
__Hsfr6                                       sfr6             000000
__Hsfr7                                       sfr7             000000
__Hsfr8                                       sfr8             000000
__Hsfr9                                       sfr9             000000
__Hspace_0                                    (abs)            008009
__Hspace_1                                    (abs)            0003D1
__Hspace_2                                    (abs)            000000
__Hspace_3                                    (abs)            000000
__Hstack                                      stack            000000
__Hstrings                                    strings          000000
__Hstringtext                                 stringtext       000000
__Htext                                       text             000000
__Labs1                                       abs1             000000
__Lbank0                                      bank0            000000
__Lbank1                                      bank1            000000
__Lbank10                                     bank10           000000
__Lbank11                                     bank11           000000
__Lbank12                                     bank12           000000
__Lbank13                                     bank13           000000
__Lbank14                                     bank14           000000
__Lbank15                                     bank15           000000
__Lbank16                                     bank16           000000
__Lbank17                                     bank17           000000
__Lbank18                                     bank18           000000
__Lbank19                                     bank19           000000
__Lbank2                                      bank2            000000
__Lbank20                                     bank20           000000
__Lbank21                                     bank21           000000
__Lbank22                                     bank22           000000
__Lbank23                                     bank23           000000
__Lbank24                                     bank24           000000
__Lbank25                                     bank25           000000
__Lbank26                                     bank26           000000
__Lbank27                                     bank27           000000
__Lbank28                                     bank28           000000
__Lbank29                                     bank29           000000
__Lbank3                                      bank3            000000
__Lbank30                                     bank30           000000
__Lbank31                                     bank31           000000
__Lbank4                                      bank4            000000
__Lbank5                                      bank5            000000
__Lbank6                                      bank6            000000
__Lbank7                                      bank7            000000
__Lbank8                                      bank8            000000
__Lbank9                                      bank9            000000
__Lbigram                                     bigram           000000
__LbitbssCOMMON                               bitbssCOMMON     000000
__LbssBANK0                                   bssBANK0         000000
__LbssBANK1                                   bssBANK1         000000
__LbssCOMMON                                  bssCOMMON        000000
__Lcinit                                      cinit            0000CA
__Lclrtext                                    clrtext          000000
__Lcode                                       code             000000
__Lcommon                                     common           000000
__Lconfig                                     config           008007
__LcstackBANK0                                cstackBANK0      000000
__LcstackCOMMON                               cstackCOMMON     000000
__LdataBANK0                                  dataBANK0        000000
__LdataBANK1                                  dataBANK1        000000
__LdataBANK2                                  dataBANK2        000000
__Leeprom_data                                eeprom_data      000000
__Lend_init                                   end_init         0000C8
__Lfunctab                                    functab          000000
__LidataBANK0                                 idataBANK0       000000
__LidataBANK1                                 idataBANK1       000000
__LidataBANK2                                 idataBANK2       000000
__Lidloc                                      idloc            000000
__Linit                                       init             0000C8
__Linittext                                   inittext         000000
__Lintentry                                   intentry         000004
__Lmaintext                                   maintext         000000
__Lmaintext_split_1                           maintext_split_1 000000
__Lmaintext_split_2                           maintext_split_2 000000
__Lmaintext_split_3                           maintext_split_3 000000
__Lmaintext_split_4                           maintext_split_4 000000
__Lmaintext_split_5                           maintext_split_5 000000
__Lmaintext_split_6                           maintext_split_6 000000
__Lmaintext_split_7                           maintext_split_7 000000
__Lmaintext_split_8                           maintext_split_8 000000
__Lpowerup                                    powerup          000000
__Lram                                        ram              000000
__Lreset_vec                                  reset_vec        000000
__Lsfr0                                       sfr0             000000
__Lsfr1                                       sfr1             000000
__Lsfr10                                      sfr10            000000
__Lsfr11                                      sfr11            000000
__Lsfr12                                      sfr12            000000
__Lsfr13                                      sfr13            000000
__Lsfr14                                      sfr14            000000
__Lsfr15                                      sfr15            000000
__Lsfr16                                      sfr16            000000
__Lsfr17                                      sfr17            000000
__Lsfr18                                      sfr18            000000
__Lsfr19                                      sfr19            000000
__Lsfr2                                       sfr2             000000
__Lsfr20                                      sfr20            000000
__Lsfr21                                      sfr21            000000
__Lsfr22                                      sfr22            000000
__Lsfr23                                      sfr23            000000
__Lsfr24                                      sfr24            000000
__Lsfr25                                      sfr25            000000
__Lsfr26                                      sfr26            000000
__Lsfr27                                      sfr27            000000
__Lsfr28                                      sfr28            000000
__Lsfr29                                      sfr29            000000
__Lsfr3                                       sfr3             000000
__Lsfr30                                      sfr30            000000
__Lsfr31                                      sfr31            000000
__Lsfr4                                       sfr4             000000
__Lsfr5                                       sfr5             000000
__Lsfr6                                       sfr6             000000
__Lsfr7                                       sfr7             000000
__Lsfr8                                       sfr8             000000
__Lsfr9                                       sfr9             000000
__Lspace_0                                    (abs)            000000
__Lspace_1                                    (abs)            000000
__Lspace_2                                    (abs)            000000
__Lspace_3                                    (abs)            000000
__Lstack                                      stack            000000
__Lstrings                                    strings          000000
__Lstringtext                                 stringtext       000000
__Ltext                                       text             000000
__S0                                          (abs)            008009
__S1                                          (abs)            000138
__S2                                          (abs)            000000
___bmul                                       text17           001F6D
___bmul@multiplicand                          cstackCOMMON     000072
___bmul@multiplier                            cstackCOMMON     000075
___bmul@product                               cstackCOMMON     000074
___ftmul                                      text29           0002EE
___ftmul@cntr                                 cstackBANK0      000032
___ftmul@exp                                  cstackBANK0      00002E
___ftmul@f1                                   cstackBANK0      000024
___ftmul@f2                                   cstackBANK0      000027
___ftmul@f3_as_product                        cstackBANK0      00002F
___ftmul@sign                                 cstackBANK0      000033
___ftpack                                     text30           001627
___ftpack@arg                                 cstackCOMMON     000072
___ftpack@exp                                 cstackCOMMON     000075
___ftpack@sign                                cstackCOMMON     000076
___fttol                                      text28           0005DE
___fttol@exp1                                 cstackBANK0      000041
___fttol@f1                                   cstackBANK0      000034
___fttol@lval                                 cstackBANK0      00003D
___fttol@sign1                                cstackBANK0      00003C
___int_sp                                     stack            000000
___latbits                                    (abs)            000003
___lwtoft                                     text27           001F91
___lwtoft@c                                   cstackBANK0      000020
___sp                                         stack            000000
___wmul                                       text16           0013D2
___wmul@multiplicand                          cstackCOMMON     000074
___wmul@multiplier                            cstackCOMMON     000072
___wmul@product                               cstackCOMMON     000076
__end_of_ADC_get_val                          text31           001424
__end_of_EUSART1_Write                        text2            0007FF
__end_of_Vout_set                             text32           0016F6
__end_of___bmul                               text17           001F7E
__end_of___ftmul                              text29           0003A2
__end_of___ftpack                             text30           00168B
__end_of___fttol                              text28           000665
__end_of___lwtoft                             text27           001FA6
__end_of___wmul                               text16           0013ED
__end_of__initialization                      cinit            0000FF
__end_of_buzz_one                             text12           000800
__end_of_clear_lcd                            text9            001408
__end_of_debug_fast_tx                        text11           001549
__end_of_digitalpot                           text33           001441
__end_of_get_current                          text26           0014DA
__end_of_i2c_Start                            text36           001F34
__end_of_i2c_Stop                             text35           001F39
__end_of_i2c_Write                            text34           001F6D
__end_of_i2c_Write_string                     text8            001482
__end_of_i2c_first_line                       text7            001FD2
__end_of_i2c_second_line                      text6            001FE9
__end_of_i2c_write_char                       text19           001F91
__end_of_init_ADC                             text25           001F4A
__end_of_init_current_sink                    text24           001FBB
__end_of_init_i2c                             text23           0013BA
__end_of_init_i2c_lcd_5v                      text22           0015D1
__end_of_init_uart1                           text21           001F55
__end_of_init_uart2                           text20           001F60
__end_of_isr                                  intentry         0000C8
__end_of_lcd_print_int                        text14           0007F8
__end_of_lcd_set_cursor                       text18           0014A7
__end_of_main                                 maintext_split_8 001000
__end_of_manage_read_byte                     text13           001460
__end_of_popup_delay                          stringtext       001002
__end_of_power_supply_set                     text10           00150D
__end_of_print_error                          text4            001627
__end_of_print_screen                         text5            002000
__end_of_receive_data_bytes                   text3            0002EE
__end_of_send_usart_packet_manage             text1            001589
__end_of_ten_thou_conv                        text15           00021D
__initialization                              cinit            0000CA
__pbitbssCOMMON                               bitbssCOMMON     0003D0
__pbssBANK0                                   bssBANK0         000049
__pbssBANK1                                   bssBANK1         0000C8
__pbssCOMMON                                  bssCOMMON        00007B
__pcstackBANK0                                cstackBANK0      000020
__pcstackCOMMON                               cstackCOMMON     000070
__pdataBANK0                                  dataBANK0        00006D
__pdataBANK1                                  dataBANK1        0000A0
__pdataBANK2                                  dataBANK2        000120
__pidataBANK0                                 idataBANK0       001F2C
__pidataBANK1                                 idataBANK1       000808
__pidataBANK2                                 idataBANK2       0013BA
__pintentry                                   intentry         000004
__pmaintext                                   maintext         000556
__pstringtext                                 stringtext       001000
__pswtext1                                    swtext1          001800
__pswtext2                                    swtext2          001820
__pswtext3                                    swtext3          001812
__ptext1                                      text1            001549
__ptext10                                     text10           0014DA
__ptext11                                     text11           00150D
__ptext12                                     text12           0007FF
__ptext13                                     text13           001441
__ptext14                                     text14           000773
__ptext15                                     text15           000103
__ptext16                                     text16           0013D2
__ptext17                                     text17           001F6D
__ptext18                                     text18           001482
__ptext19                                     text19           001F7E
__ptext2                                      text2            0007F8
__ptext20                                     text20           001F55
__ptext21                                     text21           001F4A
__ptext22                                     text22           001589
__ptext23                                     text23           0013A2
__ptext24                                     text24           001FA6
__ptext25                                     text25           001F3F
__ptext26                                     text26           0014A7
__ptext27                                     text27           001F91
__ptext28                                     text28           0005DE
__ptext29                                     text29           0002EE
__ptext3                                      text3            00021D
__ptext30                                     text30           001627
__ptext31                                     text31           001408
__ptext32                                     text32           00168B
__ptext33                                     text33           001424
__ptext34                                     text34           001F60
__ptext35                                     text35           001F34
__ptext36                                     text36           001F2F
__ptext4                                      text4            0015D1
__ptext5                                      text5            001FE9
__ptext6                                      text6            001FD2
__ptext7                                      text7            001FBB
__ptext8                                      text8            001460
__ptext9                                      text9            0013ED
__size_of_ADC_get_val                         (abs)            000000
__size_of_EUSART1_Write                       (abs)            000000
__size_of_Vout_set                            (abs)            000000
__size_of___bmul                              (abs)            000000
__size_of___ftmul                             (abs)            000000
__size_of___ftpack                            (abs)            000000
__size_of___fttol                             (abs)            000000
__size_of___lwtoft                            (abs)            000000
__size_of___wmul                              (abs)            000000
__size_of_buzz_one                            (abs)            000000
__size_of_clear_lcd                           (abs)            000000
__size_of_debug_fast_tx                       (abs)            000000
__size_of_digitalpot                          (abs)            000000
__size_of_get_current                         (abs)            000000
__size_of_i2c_Start                           (abs)            000000
__size_of_i2c_Stop                            (abs)            000000
__size_of_i2c_Write                           (abs)            000000
__size_of_i2c_Write_string                    (abs)            000000
__size_of_i2c_first_line                      (abs)            000000
__size_of_i2c_second_line                     (abs)            000000
__size_of_i2c_write_char                      (abs)            000000
__size_of_init_ADC                            (abs)            000000
__size_of_init_current_sink                   (abs)            000000
__size_of_init_i2c                            (abs)            000000
__size_of_init_i2c_lcd_5v                     (abs)            000000
__size_of_init_uart1                          (abs)            000000
__size_of_init_uart2                          (abs)            000000
__size_of_isr                                 (abs)            000000
__size_of_lcd_print_int                       (abs)            000000
__size_of_lcd_set_cursor                      (abs)            000000
__size_of_main                                (abs)            000000
__size_of_manage_read_byte                    (abs)            000000
__size_of_power_supply_set                    (abs)            000000
__size_of_print_error                         (abs)            000000
__size_of_print_screen                        (abs)            000000
__size_of_receive_data_bytes                  (abs)            000000
__size_of_send_usart_packet_manage            (abs)            000000
__size_of_ten_thou_conv                       (abs)            000000
_buzz_one                                     text12           0007FF
_buzz_timer                                   bssBANK0         00004D
_clear_lcd                                    text9            0013ED
_curent_sink_val                              bssBANK1         0000D4
_current_sink_stable                          bssBANK1         0000D8
_current_sink_timer                           bssBANK1         0000DA
_debug_fast_tx                                text11           00150D
_digitalpot                                   text33           001424
_get_current                                  text26           0014A7
_higher                                       bssBANK1         0000E0
_hund                                         bssBANK0         000069
_i2c_Start                                    text36           001F2F
_i2c_Stop                                     text35           001F34
_i2c_Write                                    text34           001F60
_i2c_Write_string                             text8            001460
_i2c_first_line                               text7            001FBB
_i2c_second_line                              text6            001FD2
_i2c_write_char                               text19           001F7E
_init_ADC                                     text25           001F3F
_init_current_sink                            text24           001FA6
_init_i2c                                     text23           0013A2
_init_i2c_lcd_5v                              text22           001589
_init_uart1                                   text21           001F4A
_init_uart2                                   text20           001F55
_isr                                          intentry         000004
_lcd_print_int                                text14           000773
_lcd_set_cursor                               text18           001482
_lower                                        bssBANK0         00004F
_main                                         maintext         000556
_manage_read_byte                             text13           001441
_motor_direction_timer                        bssBANK0         000051
_one_second_timer                             dataBANK0        00006D
_pickit_all_counter                           bssBANK1         0000E2
_pickit_pgm_timeout                           bssBANK0         000053
_pickit_red_counter                           bssBANK0         000055
_pickit_state                                 bssBANK0         000064
_pickit_timer                                 bssBANK0         000057
_power_supply_set                             text10           0014DA
_print_error                                  text4            0015D1
_print_screen                                 text5            001FE9
_receive_data_bytes                           text3            00021D
_send_usart_packet_manage                     text1            001549
_ten                                          bssBANK0         00006A
_ten_thou                                     bssCOMMON        00007B
_ten_thou_conv                                text15           000103
_testjig_timer                                bssBANK0         000059
_thou                                         bssBANK0         00006B
_tj_timer                                     bssBANK0         00005B
_uart_buff_work_recieve                       bssBANK1         0000C8
_uart_receive_timer                           bssBANK0         00005D
_unit                                         bssBANK0         00006C
_usart_fault_flag                             bitbssCOMMON     0003D0
_usart_fault_state                            bssBANK0         000066
_usart_receive_state_main                     bssBANK0         000067
_usart_timer                                  bssBANK0         00005F
_voltage_i                                    bssBANK1         0000E8
btemp                                         (abs)            00007E
buzz_one@time                                 cstackCOMMON     000072
clear_ram0                                    clrtext          000802
debug_fast_tx@data                            cstackCOMMON     000072
debug_fast_tx@i                               cstackCOMMON     000076
digitalpot@value                              cstackCOMMON     000075
end_of_initialization                         cinit            0000FF
get_current@temp                              cstackBANK0      000044
i2c_Write@data                                cstackCOMMON     000072
i2c_Write_string@data                         cstackCOMMON     000073
i2c_write_char@char_data                      cstackCOMMON     000073
init_i2c_lcd_5v@contrast                      cstackCOMMON     000076
init_i2c_lcd_5v@single1_double2               cstackCOMMON     000073
init_ram                                      inittext         001F39
int$flags                                     (abs)            00007E
intlevel0                                     functab          000000
intlevel1                                     functab          000000
intlevel2                                     functab          000000
intlevel3                                     functab          000000
intlevel4                                     functab          000000
intlevel5                                     functab          000000
lcd_bar_create@F3905                          dataBANK1        0000A0
lcd_bar_create@F3907                          dataBANK1        0000A8
lcd_bar_create@F3909                          dataBANK1        0000B0
lcd_bar_create@F3911                          dataBANK1        0000B8
lcd_bar_create@F3913                          dataBANK1        0000C0
lcd_bar_create@F3915                          dataBANK2        000120
lcd_bar_create@F3917                          dataBANK2        000128
lcd_bar_create@F3919                          dataBANK2        000130
lcd_print_int@decimal                         cstackBANK0      00002A
lcd_print_int@number                          cstackBANK0      000026
lcd_print_int@pos                             cstackBANK0      000028
lcd_print_int@ten_thou_digit                  cstackBANK0      00002B
lcd_set_cursor@LCD_position                   cstackCOMMON     000076
lcd_set_cursor@col                            cstackCOMMON     000073
lcd_set_cursor@row                            cstackCOMMON     000075
ltemp                                         (abs)            00007E
ltemp0                                        (abs)            00007E
ltemp1                                        (abs)            000082
ltemp2                                        (abs)            000086
ltemp3                                        (abs)            000080
manage_read_byte@timeout_enable               cstackCOMMON     000072
pnum$maintext                                 (abs)            000012
pnum$maintext_split_1                         (abs)            00003B
pnum$maintext_split_2                         (abs)            00003C
pnum$maintext_split_3                         (abs)            00003D
pnum$maintext_split_4                         (abs)            00003E
pnum$maintext_split_5                         (abs)            00003F
pnum$maintext_split_6                         (abs)            000040
pnum$maintext_split_7                         (abs)            000041
pnum$maintext_split_8                         (abs)            000042
power_supply_set@supply                       cstackCOMMON     000072
print_error@bottom                            cstackBANK0      000022
print_error@top                               cstackBANK0      000020
print_screen@bottom                           cstackCOMMON     000078
print_screen@top                              cstackCOMMON     000076
psplit$0                                      (abs)            12003B
psplit$1                                      (abs)            3B003C
psplit$2                                      (abs)            3C003D
psplit$3                                      (abs)            3D003E
psplit$4                                      (abs)            3E003F
psplit$5                                      (abs)            3F0040
psplit$6                                      (abs)            400041
psplit$7                                      (abs)            410042
receive_data_bytes@checksum_high_byte         cstackBANK0      000033
receive_data_bytes@checksum_low_byte          cstackBANK0      000034
receive_data_bytes@command_byte               cstackBANK0      000035
receive_data_bytes@data_high_byte             cstackBANK0      000036
receive_data_bytes@data_int_value             cstackBANK0      000031
receive_data_bytes@data_low_byte              cstackBANK0      000037
receive_data_bytes@time_out_first_byte        cstackBANK0      000027
receive_data_bytes@usart_checksum             cstackBANK0      00002F
receive_data_bytes@usart_validation_work      cstackBANK0      000038
reset_vec                                     reset_vec        000000
send_usart_packet_manage@Data_carry           cstackCOMMON     000073
send_usart_packet_manage@checksum_high_byte_4 cstackBANK0      000026
send_usart_packet_manage@checksum_low_byte_5  cstackBANK0      000027
send_usart_packet_manage@checksum_send_work   cstackBANK0      00002B
send_usart_packet_manage@command_byte_1       cstackBANK0      000028
send_usart_packet_manage@data_high_byte_2     cstackBANK0      000029
send_usart_packet_manage@data_low_byte_3      cstackBANK0      00002A
stackhi                                       (abs)            0025EF
stacklo                                       (abs)            0020B8
start                                         init             0000C8
start_initialization                          cinit            0000CA
ten_thou_conv@n                               cstackCOMMON     000078
ttemp                                         (abs)            00007E
ttemp0                                        (abs)            00007E
ttemp1                                        (abs)            000081
ttemp2                                        (abs)            000084
ttemp3                                        (abs)            000087
ttemp4                                        (abs)            00007F
wtemp                                         (abs)            00007E
wtemp0                                        (abs)            00007E
wtemp1                                        (abs)            000080
wtemp2                                        (abs)            000082
wtemp3                                        (abs)            000084
wtemp4                                        (abs)            000086
wtemp5                                        (abs)            000088
wtemp6                                        (abs)            00007F


FUNCTION INFORMATION:

 *************** function _main *****************
 Defined at:
		line 1096 in file "newmain1.c"
 Parameters:    Size  Location     Type
		None
 Auto vars:     Size  Location     Type
		None
 Return value:  Size  Location     Type
		None               void
 Registers used:
		wreg, fsr0l, fsr0h, status,2, status,0, pclath, cstack
 Tracked objects:
		On entry : 
		On exit  : 
		Unchanged: 
 Data sizes:     COMMON   BANK0   BANK1   BANK2   BANK3   BANK4   BANK5   BANK6   BANK7   BANK8   BANK9  BANK10  BANK11  BANK12  BANK13  BANK14  BANK15  BANK16  BANK17  BANK18
      Params:         0       0       0       0       0       0       0       0       0       0       0       0       0       0       0       0       0       0       0       0
      Locals:         0       0       0       0       0       0       0       0       0       0       0       0       0       0       0       0       0       0       0       0
      Temps:          0       3       0       0       0       0       0       0       0       0       0       0       0       0       0       0       0       0       0       0
      Totals:         0       3       0       0       0       0       0       0       0       0       0       0       0       0       0       0       0       0       0       0
Total ram usage:        3 bytes
 Hardware stack levels required when called:    6
 This function calls:
		_ADC_get_val
		_Vout_set
		_buzz_one
		_debug_fast_tx
		_get_current
		_init_ADC
		_init_current_sink
		_init_i2c
		_init_i2c_lcd_5v
		_init_uart1
		_init_uart2
		_lcd_print_int
		_power_supply_set
		_print_error
		_print_screen
		_receive_data_bytes
		_send_usart_packet_manage
 This function is called by:
		Startup code after reset
 This function uses a non-reentrant model


 *************** function _send_usart_packet_manage *****************
 Defined at:
		line 433 in file "newmain1.c"
 Parameters:    Size  Location     Type
  command_byte    1    wreg     unsigned char 
  Data_carry      2    3[COMMON] unsigned int 
 Auto vars:     Size  Location     Type
  command_byte    1    8[BANK0 ] unsigned char 
  checksum_sen    2   11[BANK0 ] unsigned int 
  data_low_byt    1   10[BANK0 ] unsigned char 
  data_high_by    1    9[BANK0 ] unsigned char 
  checksum_low    1    7[BANK0 ] unsigned char 
  checksum_hig    1    6[BANK0 ] unsigned char 
 Return value:  Size  Location     Type
		None               void
 Registers used:
		wreg, status,2, status,0, pclath, cstack
 Tracked objects:
		On entry : 
		On exit  : 
		Unchanged: 
 Data sizes:     COMMON   BANK0   BANK1   BANK2   BANK3   BANK4   BANK5   BANK6   BANK7   BANK8   BANK9  BANK10  BANK11  BANK12  BANK13  BANK14  BANK15  BANK16  BANK17  BANK18
      Params:         2       0       0       0       0       0       0       0       0       0       0       0       0       0       0       0       0       0       0       0
      Locals:         0       7       0       0       0       0       0       0       0       0       0       0       0       0       0       0       0       0       0       0
      Temps:          0       6       0       0       0       0       0       0       0       0       0       0       0       0       0       0       0       0       0       0
      Totals:         2      13       0       0       0       0       0       0       0       0       0       0       0       0       0       0       0       0       0       0
Total ram usage:       15 bytes
 Hardware stack levels used:    1
 Hardware stack levels required when called:    2
 This function calls:
		_EUSART1_Write
 This function is called by:
		_main
 This function uses a non-reentrant model


 *************** function _EUSART1_Write *****************
 Defined at:
		line 421 in file "newmain1.c"
 Parameters:    Size  Location     Type
  txData          1    wreg     unsigned char 
 Auto vars:     Size  Location     Type
  txData          1    2[COMMON] unsigned char 
 Return value:  Size  Location     Type
		None               void
 Registers used:
		wreg
 Tracked objects:
		On entry : 
		On exit  : 
		Unchanged: 
 Data sizes:     COMMON   BANK0   BANK1   BANK2   BANK3   BANK4   BANK5   BANK6   BANK7   BANK8   BANK9  BANK10  BANK11  BANK12  BANK13  BANK14  BANK15  BANK16  BANK17  BANK18
[...]
Total ram usage:        4 bytes
 Hardware stack levels used:    1
 Hardware stack levels required when called:    2
 This function calls:
		___ftpack
 This function is called by:
		_get_current
		_ADC_to_voltage
 This function uses a non-reentrant model


 *************** function ___fttol *****************
 Defined at:
		line 44 in file "C:\Program Files (x86)\Microchip\xc8\v1.35\sources\common\fttol.c"
 Parameters:    Size  Location     Type
  f1              3   20[BANK0 ] float 
 Auto vars:     Size  Location     Type
  lval            4   29[BANK0 ] unsigned long 
  exp1            1   33[BANK0 ] unsigned char 
  sign1           1   28[BANK0 ] unsigned char 
 Return value:  Size  Location     Type
                  4   20[BANK0 ] long 
 Registers used:
		wreg, status,2, status,0
 Tracked objects:
		On entry : 
		On exit  : 
		Unchanged: 
 Data sizes:     COMMON   BANK0   BANK1   BANK2   BANK3   BANK4   BANK5   BANK6   BANK7   BANK8   BANK9  BANK10  BANK11  BANK12  BANK13  BANK14  BANK15  BANK16  BANK17  BANK18
      Params:         0       4       0       0       0       0       0       0       0       0       0       0       0       0       0       0       0       0       0       0
      Locals:         0       6       0       0       0       0       0       0       0       0       0       0       0       0       0       0       0       0       0       0
      Temps:          0       4       0       0       0       0       0       0       0       0       0       0       0       0       0       0       0       0       0       0
      Totals:         0      14       0       0       0       0       0       0       0       0       0       0       0       0       0       0       0       0       0       0
Total ram usage:       14 bytes
 Hardware stack levels used:    1
 Hardware stack levels required when called:    1
 This function calls:
		Nothing
 This function is called by:
		_get_current
 This function uses a non-reentrant model


 *************** function ___ftmul *****************
 Defined at:
		line 62 in file "C:\Program Files (x86)\Microchip\xc8\v1.35\sources\common\ftmul.c"
 Parameters:    Size  Location     Type
  f1              3    4[BANK0 ] float 
  f2              3    7[BANK0 ] float 
 Auto vars:     Size  Location     Type
  f3_as_produc    3   15[BANK0 ] unsigned um
  sign            1   19[BANK0 ] unsigned char 
  cntr            1   18[BANK0 ] unsigned char 
  exp             1   14[BANK0 ] unsigned char 
 Return value:  Size  Location     Type
                  3    4[BANK0 ] float 
 Registers used:
		wreg, status,2, status,0, pclath, cstack
 Tracked objects:
		On entry : 
		On exit  : 
		Unchanged: 
 Data sizes:     COMMON   BANK0   BANK1   BANK2   BANK3   BANK4   BANK5   BANK6   BANK7   BANK8   BANK9  BANK10  BANK11  BANK12  BANK13  BANK14  BANK15  BANK16  BANK17  BANK18
      Params:         0       6       0       0       0       0       0       0       0       0       0       0       0       0       0       0       0       0       0       0
      Locals:         0       6       0       0       0       0       0       0       0       0       0       0       0       0       0       0       0       0       0       0
      Temps:          0       4       0       0       0       0       0       0       0       0       0       0       0       0       0       0       0       0       0       0
      Totals:         0      16       0       0       0       0       0       0       0       0       0       0       0       0       0       0       0       0       0       0
Total ram usage:       16 bytes
 Hardware stack levels used:    1
 Hardware stack levels required when called:    2
 This function calls:
		___ftpack
 This function is called by:
		_get_current
		_ADC_to_voltage
 This function uses a non-reentrant model


 *************** function ___ftpack *****************
 Defined at:
		line 62 in file "C:\Program Files (x86)\Microchip\xc8\v1.35\sources\common\float.c"
 Parameters:    Size  Location     Type
  arg             3    2[COMMON] unsigned um
  exp             1    5[COMMON] unsigned char 
  sign            1    6[COMMON] unsigned char 
 Auto vars:     Size  Location     Type
		None
 Return value:  Size  Location     Type
                  3    2[COMMON] float 
 Registers used:
		wreg, status,2, status,0
 Tracked objects:
		On entry : 
		On exit  : 
		Unchanged: 
 Data sizes:     COMMON   BANK0   BANK1   BANK2   BANK3   BANK4   BANK5   BANK6   BANK7   BANK8   BANK9  BANK10  BANK11  BANK12  BANK13  BANK14  BANK15  BANK16  BANK17  BANK18
      Params:         5       0       0       0       0       0       0       0       0       0       0       0       0       0       0       0       0       0       0       0
      Locals:         0       0       0       0       0       0       0       0       0       0       0       0       0       0       0       0       0       0       0       0
      Temps:          3       0       0       0       0       0       0       0       0       0       0       0       0       0       0       0       0       0       0       0
      Totals:         8       0       0       0       0       0       0       0       0       0       0       0       0       0       0       0       0       0       0       0
Total ram usage:        8 bytes
 Hardware stack levels used:    1
 Hardware stack levels required when called:    1
 This function calls:
		Nothing
 This function is called by:
		___ftmul
		___lwtoft
 This function uses a non-reentrant model


 *************** function _ADC_get_val *****************
 Defined at:
		line 3548 in file "newmain1.c"
 Parameters:    Size  Location     Type
  channel         1    wreg     unsigned char 
 Auto vars:     Size  Location     Type
  channel         1    8[COMMON] unsigned char 
  return_val      2    6[COMMON] unsigned int 
 Return value:  Size  Location     Type
                  2    2[COMMON] unsigned int 
 Registers used:
		wreg
 Tracked objects:
		On entry : 
		On exit  : 
		Unchanged: 
 Data sizes:     COMMON   BANK0   BANK1   BANK2   BANK3   BANK4   BANK5   BANK6   BANK7   BANK8   BANK9  BANK10  BANK11  BANK12  BANK13  BANK14  BANK15  BANK16  BANK17  BANK18
      Params:         2       0       0       0       0       0       0       0       0       0       0       0       0       0       0       0       0       0       0       0
      Locals:         3       0       0       0       0       0       0       0       0       0       0       0       0       0       0       0       0       0       0       0
      Temps:          2       0       0       0       0       0       0       0       0       0       0       0       0       0       0       0       0       0       0       0
      Totals:         7       0       0       0       0       0       0       0       0       0       0       0       0       0       0       0       0       0       0       0
Total ram usage:        7 bytes
 Hardware stack levels used:    1
 Hardware stack levels required when called:    1
 This function calls:
		Nothing
 This function is called by:
		_main
		_get_current
 This function uses a non-reentrant model


 *************** function _Vout_set *****************
 Defined at:
		line 3667 in file "newmain1.c"
 Parameters:    Size  Location     Type
  Volts           2    6[COMMON] int 
 Auto vars:     Size  Location     Type
  digi_step       4    0[BANK0 ] unsigned long 
 Return value:  Size  Location     Type
		None               void
 Registers used:
		wreg, fsr0l, fsr0h, status,2, status,0, pclath, cstack
 Tracked objects:
		On entry : 
		On exit  : 
		Unchanged: 
 Data sizes:     COMMON   BANK0   BANK1   BANK2   BANK3   BANK4   BANK5   BANK6   BANK7   BANK8   BANK9  BANK10  BANK11  BANK12  BANK13  BANK14  BANK15  BANK16  BANK17  BANK18
      Params:         2       0       0       0       0       0       0       0       0       0       0       0       0       0       0       0       0       0       0       0
      Locals:         0       4       0       0       0       0       0       0       0       0       0       0       0       0       0       0       0       0       0       0
      Temps:          0       0       0       0       0       0       0       0       0       0       0       0       0       0       0       0       0       0       0       0
      Totals:         2       4       0       0       0       0       0       0       0       0       0       0       0       0       0       0       0       0       0       0
Total ram usage:        6 bytes
 Hardware stack levels used:    1
 Hardware stack levels required when called:    3
 This function calls:
		_digitalpot
 This function is called by:
		_main
 This function uses a non-reentrant model


 *************** function _digitalpot *****************
 Defined at:
		line 3709 in file "newmain1.c"
 Parameters:    Size  Location     Type
  value           1    wreg     unsigned char 
 Auto vars:     Size  Location     Type
  value           1    5[COMMON] unsigned char 
 Return value:  Size  Location     Type
		None               void
 Registers used:
		wreg, status,2, status,0, pclath, cstack
 Tracked objects:
		On entry : 
		On exit  : 
		Unchanged: 
 Data sizes:     COMMON   BANK0   BANK1   BANK2   BANK3   BANK4   BANK5   BANK6   BANK7   BANK8   BANK9  BANK10  BANK11  BANK12  BANK13  BANK14  BANK15  BANK16  BANK17  BANK18
      Params:         0       0       0       0       0       0       0       0       0       0       0       0       0       0       0       0       0       0       0       0
      Locals:         1       0       0       0       0       0       0       0       0       0       0       0       0       0       0       0       0       0       0       0
      Temps:          2       0       0       0       0       0       0       0       0       0       0       0       0       0       0       0       0       0       0       0
      Totals:         3       0       0       0       0       0       0       0       0       0       0       0       0       0       0       0       0       0       0       0
Total ram usage:        3 bytes
 Hardware stack levels used:    1
 Hardware stack levels required when called:    2
 This function calls:
		_i2c_Start
		_i2c_Stop
		_i2c_Write
 This function is called by:
		_Vout_set
 This function uses a non-reentrant model


 *************** function _i2c_Write *****************
 Defined at:
		line 2585 in file "newmain1.c"
 Parameters:    Size  Location     Type
  data            1    wreg     unsigned char 
 Auto vars:     Size  Location     Type
  data            1    2[COMMON] unsigned char 
 Return value:  Size  Location     Type
		None               void
 Registers used:
		wreg, status,2
 Tracked objects:
		On entry : 
		On exit  : 
		Unchanged: 
 Data sizes:     COMMON   BANK0   BANK1   BANK2   BANK3   BANK4   BANK5   BANK6   BANK7   BANK8   BANK9  BANK10  BANK11  BANK12  BANK13  BANK14  BANK15  BANK16  BANK17  BANK18
      Params:         0       0       0       0       0       0       0       0       0       0       0       0       0       0       0       0       0       0       0       0
      Locals:         1       0       0       0       0       0       0       0       0       0       0       0       0       0       0       0       0       0       0       0
      Temps:          0       0       0       0       0       0       0       0       0       0       0       0       0       0       0       0       0       0       0       0
      Totals:         1       0       0       0       0       0       0       0       0       0       0       0       0       0       0       0       0       0       0       0
Total ram usage:        1 bytes
 Hardware stack levels used:    1
 Hardware stack levels required when called:    1
 This function calls:
		Nothing
 This function is called by:
		_i2c_Write_string
		_i2c_write_char
		_init_i2c_lcd_5v
		_clear_lcd
		_i2c_first_line
		_i2c_second_line
		_lcd_set_cursor
		_digitalpot
		_lcd_blink_cursor
		_contrast_set
		_print_second_line
		_lcd_createChar
 This function uses a non-reentrant model


 *************** function _i2c_Stop *****************
 Defined at:
		line 2591 in file "newmain1.c"
 Parameters:    Size  Location     Type
		None
 Auto vars:     Size  Location     Type
		None
 Return value:  Size  Location     Type
		None               void
 Registers used:
		None
 Tracked objects:
		On entry : 
		On exit  : 
		Unchanged: 
 Data sizes:     COMMON   BANK0   BANK1   BANK2   BANK3   BANK4   BANK5   BANK6   BANK7   BANK8   BANK9  BANK10  BANK11  BANK12  BANK13  BANK14  BANK15  BANK16  BANK17  BANK18
      Params:         0       0       0       0       0       0       0       0       0       0       0       0       0       0       0       0       0       0       0       0
      Locals:         0       0       0       0       0       0       0       0       0       0       0       0       0       0       0       0       0       0       0       0
      Temps:          0       0       0       0       0       0       0       0       0       0       0       0       0       0       0       0       0       0       0       0
      Totals:         0       0       0       0       0       0       0       0       0       0       0       0       0       0       0       0       0       0       0       0
Total ram usage:        0 bytes
 Hardware stack levels used:    1
 Hardware stack levels required when called:    1
 This function calls:
		Nothing
 This function is called by:
		_i2c_Write_string
		_i2c_write_char
		_init_i2c_lcd_5v
		_clear_lcd
		_i2c_first_line
		_i2c_second_line
		_lcd_set_cursor
		_digitalpot
		_lcd_blink_cursor
		_contrast_set
		_print_second_line
		_lcd_createChar
 This function uses a non-reentrant model


 *************** function _i2c_Start *****************
 Defined at:
		line 2577 in file "newmain1.c"
 Parameters:    Size  Location     Type
		None
 Auto vars:     Size  Location     Type
		None
 Return value:  Size  Location     Type
		None               void
 Registers used:
		None
 Tracked objects:
		On entry : 
		On exit  : 
		Unchanged: 
 Data sizes:     COMMON   BANK0   BANK1   BANK2   BANK3   BANK4   BANK5   BANK6   BANK7   BANK8   BANK9  BANK10  BANK11  BANK12  BANK13  BANK14  BANK15  BANK16  BANK17  BANK18
      Params:         0       0       0       0       0       0       0       0       0       0       0       0       0       0       0       0       0       0       0       0
      Locals:         0       0       0       0       0       0       0       0       0       0       0       0       0       0       0       0       0       0       0       0
      Temps:          0       0       0       0       0       0       0       0       0       0       0       0       0       0       0       0       0       0       0       0
      Totals:         0       0       0       0       0       0       0       0       0       0       0       0       0       0       0       0       0       0       0       0
Total ram usage:        0 bytes
 Hardware stack levels used:    1
 Hardware stack levels required when called:    1
 This function calls:
		Nothing
 This function is called by:
		_i2c_Write_string
		_i2c_write_char
		_init_i2c_lcd_5v
		_clear_lcd
		_i2c_first_line
		_i2c_second_line
		_lcd_set_cursor
		_digitalpot
		_lcd_blink_cursor
		_contrast_set
		_print_second_line
		_lcd_createChar
 This function uses a non-reentrant model


 *************** function _isr *****************
 Defined at:
		line 943 in file "newmain1.c"
 Parameters:    Size  Location     Type
		None
 Auto vars:     Size  Location     Type
		None
 Return value:  Size  Location     Type
		None               void
 Registers used:
		wreg, fsr0l, fsr0h, status,2, status,0
 Tracked objects:
		On entry : 
		On exit  : 
		Unchanged: 
 Data sizes:     COMMON   BANK0   BANK1   BANK2   BANK3   BANK4   BANK5   BANK6   BANK7   BANK8   BANK9  BANK10  BANK11  BANK12  BANK13  BANK14  BANK15  BANK16  BANK17  BANK18
      Params:         0       0       0       0       0       0       0       0       0       0       0       0       0       0       0       0       0       0       0       0
      Locals:         0       0       0       0       0       0       0       0       0       0       0       0       0       0       0       0       0       0       0       0
      Temps:          2       0       0       0       0       0       0       0       0       0       0       0       0       0       0       0       0       0       0       0
      Totals:         2       0       0       0       0       0       0       0       0       0       0       0       0       0       0       0       0       0       0       0
Total ram usage:        2 bytes
 Hardware stack levels used:    1
 This function calls:
		Nothing
 This function is called by:
		Interrupt level 1
 This function uses a non-reentrant model



MODULE INFORMATION

Module		Function		Class		Link	Load	Size
C:\Program Files (x86)\Microchip\xc8\v1.35\sources\common\lwtoft.c
		___lwtoft      		CODE           	1F91	0000	22

C:\Program Files (x86)\Microchip\xc8\v1.35\sources\common\lwtoft.c estimated size: 22

C:\Program Files (x86)\Microchip\xc8\v1.35\sources\common\float.c
		___ftpack      		CODE           	1627	0000	101

C:\Program Files (x86)\Microchip\xc8\v1.35\sources\common\float.c estimated size: 101

shared
		_popup_delay   		STRCODE        	0000	0000	0
		__initialization		CODE           	00CA	0000	54

shared estimated size: 54

C:\Program Files (x86)\Microchip\xc8\v1.35\sources\common\ftmul.c
		___ftmul       		CODE           	02EE	0000	181

C:\Program Files (x86)\Microchip\xc8\v1.35\sources\common\ftmul.c estimated size: 181

C:\Program Files (x86)\Microchip\xc8\v1.35\sources\common\Umul16.c
		___wmul        		CODE           	13D2	0000	28

C:\Program Files (x86)\Microchip\xc8\v1.35\sources\common\Umul16.c estimated size: 28

newmain1.c
		_power_supply_set		CODE           	14DA	0000	52
		_i2c_first_line		CODE           	1FBB	0000	24
		_send_usart_packet_manage		CODE           	1549	0000	65
		_i2c_Write     		CODE           	1F60	0000	14
		_get_current   		CODE           	14A7	0000	52
		_i2c_Stop      		CODE           	1F34	0000	6
		_i2c_Write_string		CODE           	1460	0000	35
		_init_current_sink		CODE           	1FA6	0000	22
		_main          		CODE           	0556	0000	3109
		_debug_fast_tx 		CODE           	150D	0000	61
		_receive_data_bytes		CODE           	021D	0000	210
		_manage_read_byte		CODE           	1441	0000	32
		_init_uart1    		CODE           	1F4A	0000	12
		_init_uart2    		CODE           	1F55	0000	12
		_init_i2c_lcd_5v		CODE           	1589	0000	73
		_lcd_set_cursor		CODE           	1482	0000	38
		_digitalpot    		CODE           	1424	0000	30
		_print_screen  		CODE           	1FE9	0000	24
		_init_ADC      		CODE           	1F3F	0000	12
		_isr           		CODE           	0004	0000	197
		_ADC_get_val   		CODE           	1408	0000	29
		_buzz_one      		CODE           	07FF	0000	2
		_i2c_Start     		CODE           	1F2F	0000	6
		_ten_thou_conv 		CODE           	0103	0000	283
		_EUSART1_Write 		CODE           	07F8	0000	8
		_lcd_print_int 		CODE           	0773	0000	134
		_clear_lcd     		CODE           	13ED	0000	28
		_Vout_set      		CODE           	168B	0000	108
		_print_error   		CODE           	15D1	0000	87
		_i2c_second_line		CODE           	1FD2	0000	24
		_i2c_write_char		CODE           	1F7E	0000	20
		_init_i2c      		CODE           	13A2	0000	25

newmain1.c estimated size: 4834

C:\Program Files (x86)\Microchip\xc8\v1.35\sources\common\Umul8.c
		___bmul        		CODE           	1F6D	0000	18

C:\Program Files (x86)\Microchip\xc8\v1.35\sources\common\Umul8.c estimated size: 18

C:\Program Files (x86)\Microchip\xc8\v1.35\sources\common\fttol.c
		___fttol       		CODE           	05DE	0000	136

C:\Program Files (x86)\Microchip\xc8\v1.35\sources\common\fttol.c estimated size: 136

